###############################################################################
#
# IAR ELF Linker V7.20.2.7424/W32 for ARM                 16/Aug/2016  22:12:12
# Copyright 2007-2014 IAR Systems AB.
#
#    Output file  =  
#        E:\LPLD_OSKinetis_V3.1\project\balanceNewCar\iar\FLASH\Exe\balance_K60D10.out
#    Map file     =  
#        E:\LPLD_OSKinetis_V3.1\project\balanceNewCar\iar\FLASH\List\balance_K60D10.map
#    Command line =  
#        E:\LPLD_OSKinetis_V3.1\project\balanceNewCar\iar\FLASH\Obj\alloc.o
#        E:\LPLD_OSKinetis_V3.1\project\balanceNewCar\iar\FLASH\Obj\angle.o
#        E:\LPLD_OSKinetis_V3.1\project\balanceNewCar\iar\FLASH\Obj\assert.o
#        E:\LPLD_OSKinetis_V3.1\project\balanceNewCar\iar\FLASH\Obj\balance.o
#        E:\LPLD_OSKinetis_V3.1\project\balanceNewCar\iar\FLASH\Obj\DEV_MMA8451.o
#        E:\LPLD_OSKinetis_V3.1\project\balanceNewCar\iar\FLASH\Obj\direct.o
#        E:\LPLD_OSKinetis_V3.1\project\balanceNewCar\iar\FLASH\Obj\Fuzzy.o
#        E:\LPLD_OSKinetis_V3.1\project\balanceNewCar\iar\FLASH\Obj\gpio.o
#        E:\LPLD_OSKinetis_V3.1\project\balanceNewCar\iar\FLASH\Obj\HW_ADC.o
#        E:\LPLD_OSKinetis_V3.1\project\balanceNewCar\iar\FLASH\Obj\HW_DMA.o
#        E:\LPLD_OSKinetis_V3.1\project\balanceNewCar\iar\FLASH\Obj\HW_FTM.o
#        E:\LPLD_OSKinetis_V3.1\project\balanceNewCar\iar\FLASH\Obj\HW_GPIO.o
#        E:\LPLD_OSKinetis_V3.1\project\balanceNewCar\iar\FLASH\Obj\HW_I2C.o
#        E:\LPLD_OSKinetis_V3.1\project\balanceNewCar\iar\FLASH\Obj\HW_LPTMR.o
#        E:\LPLD_OSKinetis_V3.1\project\balanceNewCar\iar\FLASH\Obj\HW_MCG.o
#        E:\LPLD_OSKinetis_V3.1\project\balanceNewCar\iar\FLASH\Obj\HW_PIT.o
#        E:\LPLD_OSKinetis_V3.1\project\balanceNewCar\iar\FLASH\Obj\HW_UART.o
#        E:\LPLD_OSKinetis_V3.1\project\balanceNewCar\iar\FLASH\Obj\init.o
#        E:\LPLD_OSKinetis_V3.1\project\balanceNewCar\iar\FLASH\Obj\io.o
#        E:\LPLD_OSKinetis_V3.1\project\balanceNewCar\iar\FLASH\Obj\isr.o
#        E:\LPLD_OSKinetis_V3.1\project\balanceNewCar\iar\FLASH\Obj\key.o
#        E:\LPLD_OSKinetis_V3.1\project\balanceNewCar\iar\FLASH\Obj\oled.o
#        E:\LPLD_OSKinetis_V3.1\project\balanceNewCar\iar\FLASH\Obj\printf.o
#        E:\LPLD_OSKinetis_V3.1\project\balanceNewCar\iar\FLASH\Obj\queue.o
#        E:\LPLD_OSKinetis_V3.1\project\balanceNewCar\iar\FLASH\Obj\relocate.o
#        E:\LPLD_OSKinetis_V3.1\project\balanceNewCar\iar\FLASH\Obj\speed.o
#        E:\LPLD_OSKinetis_V3.1\project\balanceNewCar\iar\FLASH\Obj\speedcheck.o
#        E:\LPLD_OSKinetis_V3.1\project\balanceNewCar\iar\FLASH\Obj\startup_K60D10.o
#        E:\LPLD_OSKinetis_V3.1\project\balanceNewCar\iar\FLASH\Obj\stdlib.o
#        E:\LPLD_OSKinetis_V3.1\project\balanceNewCar\iar\FLASH\Obj\system_MK60.o
#        E:\LPLD_OSKinetis_V3.1\project\balanceNewCar\iar\FLASH\Obj\uif.o
#        E:\LPLD_OSKinetis_V3.1\project\balanceNewCar\iar\FLASH\Obj\VisualScope.o
#        --redirect _Printf=_PrintfFull --redirect _Scanf=_ScanfFull -o
#        E:\LPLD_OSKinetis_V3.1\project\balanceNewCar\iar\FLASH\Exe\balance_K60D10.out
#        --map
#        E:\LPLD_OSKinetis_V3.1\project\balanceNewCar\iar\FLASH\List\balance_K60D10.map
#        --config
#        E:\LPLD_OSKinetis_V3.1\project\balanceNewCar\iar\..\..\..\lib\iar_config_files\LPLD_K60DN512_FLASH.icf
#        --semihosting --entry __iar_program_start "F:\Program
#        Files\IAR_FOR_ARM\arm\CMSIS\Lib\IAR\iar_cortexM4l_math.a"
#        --merge_duplicate_sections --vfe
#
###############################################################################

*******************************************************************************
*** RUNTIME MODEL ATTRIBUTES
***

CppFlavor       = *
__SystemLibrary = DLib


*******************************************************************************
*** PLACEMENT SUMMARY
***

"A1":  place at 0x00000000 { ro section .intvec };
"A2":  place at 0x00000410 { ro section .noinit };
"P1":  place in [from 0x00000000 to 0x00080000] { ro, block CodeRelocate };
"P2":  place in [from 0x1fff0410 to 0x20010000] {
          rw, block CodeRelocateRam, block CSTACK, block HEAP };

  Section              Kind        Address    Size  Object
  -------              ----        -------    ----  ------
"A1":                                        0x400
  .intvec              ro code  0x00000000   0x400  startup_K60D10.o [1]
                              - 0x00000400   0x400

"P1", part 1 of 2:                             0x4
  .rodata              const    0x00000400     0x0  zero_init3.o [5]
  Initializer bytes    ro data  0x00000400     0x4  <for P2 s0>
                              - 0x00000404     0x4

"A2":                                         0x14
  .noinit              ro code  0x00000410    0x10  startup_K60D10.o [1]
  .noinit              ro code  0x00000420     0x4  startup_K60D10.o [1]
                              - 0x00000424    0x14

"P1", part 2 of 2:                          0x8744
  .text                ro code  0x00000424   0xcf8  speed.o [1]
  .text                ro code  0x0000111c    0xe6  FltSub.o [4]
  .text                ro code  0x00001202    0x22  zero_init3.o [5]
  .text                ro code  0x00001224    0x84  FltAdd.o [4]
  .text                ro code  0x000012a8    0xd8  FltMul.o [4]
  .text                ro code  0x00001380    0x4e  FltToDbl.o [4]
  .text                ro code  0x000013d0    0x30  I32ToDbl.o [4]
  .text                ro code  0x00001400   0x246  DblDiv.o [4]
  .text                ro code  0x00001648   0x180  DblSub.o [4]
  .text                ro code  0x000017c8   0x1a2  DblMul.o [4]
  .text                ro code  0x0000196c    0x90  DblToFlt.o [4]
  .text                ro code  0x000019fc    0xe8  DblAdd.o [4]
  .text                ro code  0x00001ae4    0x24  FltCmpLe.o [4]
  .text                ro code  0x00001b08    0x24  FltCmpGe.o [4]
  .text                ro code  0x00001b2c    0xfc  FltDiv.o [4]
  .text                ro code  0x00001c28    0x32  I32ToFlt.o [4]
  .text                ro code  0x00001c5a   0xa7e  Fuzzy.o [1]
  .text                ro code  0x000026d8    0x44  FltToS32.o [4]
  .text                ro code  0x0000271c   0x934  HW_FTM.o [1]
  .text                ro code  0x00003050     0x6  ABImemclr4.o [5]
  .text                ro code  0x00003058    0x14  assert.o [1]
  .text                ro code  0x0000306c    0x56  ABImemcpy_unaligned.o [5]
  .text                ro code  0x000030c4    0x32  ABImemset48.o [5]
  .text                ro code  0x000030f8   0x4e4  printf.o [1]
  .text                ro code  0x000035dc    0x1c  stdlib.o [1]
  .text                ro code  0x000035f8   0x758  system_MK60.o [1]
  .text                ro code  0x00003d50    0xa0  relocate.o [1]
  Veneer               ro code  0x00003df0     0x8  - Linker created -
  .text                ro code  0x00003df8   0x170  HW_MCG.o [1]
  .text                ro code  0x00003f68   0x718  HW_UART.o [1]
  .text                ro code  0x00004680   0x538  direct.o [1]
  .text                ro code  0x00004bb8   0x478  HW_ADC.o [1]
  .text                ro code  0x00005030     0x6  sin.o [4]
  .text                ro code  0x00005038    0x2e  DblCmpLe.o [4]
  .text                ro code  0x00005068    0x2e  DblCmpGe.o [4]
  .text                ro code  0x00005098   0x42a  xsin.o [4]
  .text                ro code  0x000054c4    0x4c  DblToI32.o [4]
  .text                ro code  0x00005510     0xc  errno.o [3]
  .text                ro code  0x0000551c   0x160  xquad.o [4]
  .text                ro code  0x0000567c     0x2  xtls.o [3]
  .text                ro code  0x0000567e    0x7e  xdint.o [4]
  .text                ro code  0x000056fc    0x20  DblCmpEq.o [4]
  .text                ro code  0x0000571c   0x1a8  fmod.o [4]
  .text                ro code  0x000058c4     0xc  iarEdom.o [5]
  .text                ro code  0x000058d0   0x514  oled.o [1]
  .text                ro code  0x00005de4   0x188  HW_GPIO.o [1]
  .text                ro code  0x00005f6c   0x4b4  HW_DMA.o [1]
  .text                ro code  0x00006420   0x408  balance.o [1]
  .text                ro code  0x00006828   0x1c0  gpio.o [1]
  .text                ro code  0x000069e8   0x144  key.o [1]
  .text                ro code  0x00006b2c    0x6c  HW_LPTMR.o [1]
  .text                ro code  0x00006b98   0x1d4  init.o [1]
  .text                ro code  0x00006d6c   0x166  DEV_MMA8451.o [1]
  .text                ro code  0x00006ed4   0x2ec  angle.o [1]
  .text                ro code  0x000071c0   0x2fe  speedcheck.o [1]
  .text                ro code  0x000074c0   0x174  HW_PIT.o [1]
  .text                ro code  0x00007634   0x2f4  HW_I2C.o [1]
  .text                ro code  0x00007928    0xf6  asin.o [4]
  .text                ro code  0x00007a20    0xf0  sqrt.o [4]
  .rodata              const    0x00007b10    0x44  system_MK60.o [1]
  .text                ro code  0x00007b58   0x1e0  xatan.o [4]
  .data_init                    0x00007d38   0x238  <Block>
    Initializer bytes  ro data  0x00007d38   0x238  <for .data-1>
  .rodata              const    0x00007f70   0x228  oled.o [1]
  .text                ro code  0x00008198   0x1c0  isr.o [1]
  CodeRelocate                  0x00008358    0x4c  <Block>
    Initializer bytes  ro data  0x00008358    0x4c  <for CodeRelocateRam-1>
  .rodata              const    0x000083a4    0x48  system_MK60.o [1]
  .rodata              const    0x000083ec    0x44  system_MK60.o [1]
  .rodata              const    0x00008430    0x34  system_MK60.o [1]
  .rodata              const    0x00008464    0x30  assert.o [1]
  .rodata              const    0x00008494    0x30  HW_GPIO.o [1]
  .rodata              const    0x000084c4    0x30  system_MK60.o [1]
  .rodata              const    0x000084f4    0x30  system_MK60.o [1]
  .rodata              const    0x00008524    0x2c  HW_ADC.o [1]
  .rodata              const    0x00008550    0x2c  HW_DMA.o [1]
  .rodata              const    0x0000857c    0x2c  HW_FTM.o [1]
  .rodata              const    0x000085a8    0x2c  HW_I2C.o [1]
  .rodata              const    0x000085d4    0x2c  HW_PIT.o [1]
  .rodata              const    0x00008600    0x28  system_MK60.o [1]
  .text                ro code  0x00008628    0x28  data_init.o [5]
  .rodata              const    0x00008650    0x24  system_MK60.o [1]
  .rodata              const    0x00008674    0x24  system_MK60.o [1]
  .rodata              const    0x00008698    0x24  system_MK60.o [1]
  .iar.init_table      const    0x000086bc    0x10  - Linker created -
  .rodata              const    0x000086cc    0x20  system_MK60.o [1]
  .rodata              const    0x000086ec    0x20  system_MK60.o [1]
  .rodata              const    0x0000870c    0x20  system_MK60.o [1]
  .rodata              const    0x0000872c    0x20  system_MK60.o [1]
  .rodata              const    0x0000874c    0x20  system_MK60.o [1]
  .rodata              const    0x0000876c    0x20  system_MK60.o [1]
  .rodata              const    0x0000878c    0x1c  system_MK60.o [1]
  .rodata              const    0x000087a8    0x1c  system_MK60.o [1]
  .rodata              const    0x000087c4    0x1c  system_MK60.o [1]
  .rodata              const    0x000087e0    0x1c  system_MK60.o [1]
  .rodata              const    0x000087fc    0x1c  system_MK60.o [1]
  .text                ro code  0x00008818    0x1a  cmain.o [5]
  .text                ro code  0x00008832     0x4  low_level_init.o [3]
  .text                ro code  0x00008836     0x4  exit.o [3]
  .text                ro code  0x0000883c     0xa  cexit.o [5]
  .text                ro code  0x00008848    0x14  exit.o [6]
  .rodata              const    0x0000885c    0x18  system_MK60.o [1]
  .rodata              const    0x00008874    0x18  system_MK60.o [1]
  .rodata              const    0x0000888c    0x18  system_MK60.o [1]
  .rodata              const    0x000088a4    0x18  system_MK60.o [1]
  .rodata              const    0x000088bc    0x18  system_MK60.o [1]
  .rodata              const    0x000088d4    0x18  system_MK60.o [1]
  .rodata              const    0x000088ec    0x18  system_MK60.o [1]
  .rodata              const    0x00008904    0x18  system_MK60.o [1]
  .rodata              const    0x0000891c    0x18  system_MK60.o [1]
  .rodata              const    0x00008934    0x18  system_MK60.o [1]
  .rodata              const    0x0000894c    0x18  system_MK60.o [1]
  .rodata              const    0x00008964    0x18  system_MK60.o [1]
  .rodata              const    0x0000897c    0x18  system_MK60.o [1]
  .rodata              const    0x00008994    0x14  system_MK60.o [1]
  .rodata              const    0x000089a8    0x14  system_MK60.o [1]
  .rodata              const    0x000089bc    0x14  system_MK60.o [1]
  .rodata              const    0x000089d0    0x14  system_MK60.o [1]
  .rodata              const    0x000089e4    0x14  system_MK60.o [1]
  .rodata              const    0x000089f8    0x14  system_MK60.o [1]
  .rodata              const    0x00008a0c    0x14  system_MK60.o [1]
  .text                ro code  0x00008a20    0x14  io.o [1]
  .rodata              const    0x00008a34    0x10  system_MK60.o [1]
  .rodata              const    0x00008a44    0x10  system_MK60.o [1]
  .rodata              const    0x00008a54    0x10  system_MK60.o [1]
  .rodata              const    0x00008a64    0x10  system_MK60.o [1]
  .rodata              const    0x00008a74    0x10  system_MK60.o [1]
  .rodata              const    0x00008a84     0xc  balance.o [1]
  .rodata              const    0x00008a90     0xc  system_MK60.o [1]
  .text                ro code  0x00008a9c     0xc  cstartup_M.o [5]
  .rodata              const    0x00008aa8     0x8  balance.o [1]
  .rodata              const    0x00008ab0     0x8  balance.o [1]
  .rodata              const    0x00008ab8     0x8  balance.o [1]
  .rodata              const    0x00008ac0     0x8  balance.o [1]
  .rodata              const    0x00008ac8     0x8  balance.o [1]
  .rodata              const    0x00008ad0     0x8  system_MK60.o [1]
  .rodata              const    0x00008ad8     0x8  system_MK60.o [1]
  .rodata              const    0x00008ae0     0x8  system_MK60.o [1]
  .rodata              const    0x00008ae8     0x8  system_MK60.o [1]
  .rodata              const    0x00008af0     0x8  system_MK60.o [1]
  .rodata              const    0x00008af8     0x8  system_MK60.o [1]
  .rodata              const    0x00008b00     0x8  system_MK60.o [1]
  .rodata              const    0x00008b08     0x8  system_MK60.o [1]
  .rodata              const    0x00008b10     0x8  system_MK60.o [1]
  .rodata              const    0x00008b18     0x8  system_MK60.o [1]
  .rodata              const    0x00008b20     0x8  system_MK60.o [1]
  .rodata              const    0x00008b28     0x8  system_MK60.o [1]
  .rodata              const    0x00008b30     0x8  system_MK60.o [1]
  .rodata              const    0x00008b38     0x8  system_MK60.o [1]
  .rodata              const    0x00008b40     0x8  system_MK60.o [1]
  .rodata              const    0x00008b48     0x8  system_MK60.o [1]
  .rodata              const    0x00008b50     0x8  system_MK60.o [1]
  .rodata              const    0x00008b58     0x8  system_MK60.o [1]
  .rodata              const    0x00008b60     0x8  system_MK60.o [1]
                              - 0x00008b68  0x8744

"P2":                                       0x173c
  .data                         0x1fff0410   0x238  <Block>
    .data-1                     0x1fff0410   0x238  <Init block>
      .data            inited   0x1fff0410     0x4  balance.o [1]
      .data            inited   0x1fff0414     0x1  balance.o [1]
      .data            inited   0x1fff0415     0x1  balance.o [1]
      .data            inited   0x1fff0418     0x4  balance.o [1]
      .data            inited   0x1fff041c     0x1  balance.o [1]
      .data            inited   0x1fff0420     0x4  HW_MCG.o [1]
      .data            inited   0x1fff0424     0x4  HW_MCG.o [1]
      .data            inited   0x1fff0428     0x4  HW_MCG.o [1]
      .data            inited   0x1fff042c     0x4  HW_MCG.o [1]
      .data            inited   0x1fff0430     0x4  speed.o [1]
      .data            inited   0x1fff0434     0x4  speed.o [1]
      .data            inited   0x1fff0438     0x4  speed.o [1]
      .data            inited   0x1fff043c     0x4  speed.o [1]
      .data            inited   0x1fff0440    0x3c  speed.o [1]
      .data            inited   0x1fff047c     0x4  speed.o [1]
      .data            inited   0x1fff0480     0x4  speed.o [1]
      .data            inited   0x1fff0484     0x4  speed.o [1]
      .data            inited   0x1fff0488   0x1bc  speed.o [1]
      .data            inited   0x1fff0644     0x4  system_MK60.o [1]
  CodeRelocateRam               0x1fff0648    0x4c  <Block>
    CodeRelocateRam-1           0x1fff0648    0x4c  <Init block>
      .textrw          inited   0x1fff0648    0x4c  HW_MCG.o [1]
  .bss                          0x1fff0694   0x4af  <Block>
    .bss               zero     0x1fff0694     0x4  angle.o [1]
    .bss               zero     0x1fff0698     0x4  angle.o [1]
    .bss               zero     0x1fff069c    0x28  angle.o [1]
    .bss               zero     0x1fff06c4     0x4  angle.o [1]
    .bss               zero     0x1fff06c8     0x4  angle.o [1]
    .bss               zero     0x1fff06cc     0x4  angle.o [1]
    .bss               zero     0x1fff06d0     0x4  angle.o [1]
    .bss               zero     0x1fff06d4     0x4  angle.o [1]
    .bss               zero     0x1fff06d8     0x4  angle.o [1]
    .bss               zero     0x1fff06dc     0x4  angle.o [1]
    .bss               zero     0x1fff06e0     0x4  angle.o [1]
    .bss               zero     0x1fff06e4     0x4  angle.o [1]
    .bss               zero     0x1fff06e8     0x4  angle.o [1]
    .bss               zero     0x1fff06ec     0x4  balance.o [1]
    .bss               zero     0x1fff06f0     0xc  direct.o [1]
    .bss               zero     0x1fff06fc     0x4  direct.o [1]
    .bss               zero     0x1fff0700    0x14  direct.o [1]
    .bss               zero     0x1fff0714     0xc  direct.o [1]
    .bss               zero     0x1fff0720     0xc  direct.o [1]
    .bss               zero     0x1fff072c    0xc0  direct.o [1]
    .bss               zero     0x1fff07ec     0x4  direct.o [1]
    .bss               zero     0x1fff07f0     0x4  direct.o [1]
    .bss               zero     0x1fff07f4     0x4  direct.o [1]
    .bss               zero     0x1fff07f8     0x4  direct.o [1]
    .bss               zero     0x1fff07fc    0x14  gpio.o [1]
    .bss               zero     0x1fff0810    0x14  gpio.o [1]
    .bss               zero     0x1fff0824    0x14  gpio.o [1]
    .bss               zero     0x1fff0838    0x14  gpio.o [1]
    .bss               zero     0x1fff084c    0x14  gpio.o [1]
    .bss               zero     0x1fff0860    0x1c  gpio.o [1]
    .bss               zero     0x1fff087c     0x8  HW_ADC.o [1]
    .bss               zero     0x1fff0884    0x40  HW_DMA.o [1]
    .bss               zero     0x1fff08c4     0xc  HW_FTM.o [1]
    .bss               zero     0x1fff08d0    0x14  HW_GPIO.o [1]
    .bss               zero     0x1fff08e4     0x8  HW_I2C.o [1]
    .bss               zero     0x1fff08ec     0x4  HW_LPTMR.o [1]
    .bss               zero     0x1fff08f0    0x10  HW_PIT.o [1]
    .bss               zero     0x1fff0900    0x18  HW_UART.o [1]
    .bss               zero     0x1fff0918    0x18  HW_UART.o [1]
    .bss               zero     0x1fff0930    0x1c  init.o [1]
    .bss               zero     0x1fff094c    0x14  init.o [1]
    .bss               zero     0x1fff0960    0x14  init.o [1]
    .bss               zero     0x1fff0974    0x14  init.o [1]
    .bss               zero     0x1fff0988    0x14  init.o [1]
    .bss               zero     0x1fff099c    0x14  init.o [1]
    .bss               zero     0x1fff09b0    0x14  init.o [1]
    .bss               zero     0x1fff09c4     0x4  isr.o [1]
    .bss               zero     0x1fff09c8     0x4  isr.o [1]
    .bss               zero     0x1fff09cc     0x4  isr.o [1]
    .bss               zero     0x1fff09d0     0x4  isr.o [1]
    .bss               zero     0x1fff09d4     0x4  isr.o [1]
    .bss               zero     0x1fff09d8     0x4  isr.o [1]
    .bss               zero     0x1fff09dc     0x4  isr.o [1]
    .bss               zero     0x1fff09e0     0x4  isr.o [1]
    .bss               zero     0x1fff09e4     0x4  isr.o [1]
    .bss               zero     0x1fff09e8     0x4  isr.o [1]
    .bss               zero     0x1fff09ec    0x14  key.o [1]
    .bss               zero     0x1fff0a00    0x14  oled.o [1]
    .bss               zero     0x1fff0a14     0x4  speed.o [1]
    .bss               zero     0x1fff0a18     0x4  speed.o [1]
    .bss               zero     0x1fff0a1c     0x4  speed.o [1]
    .bss               zero     0x1fff0a20     0x4  speed.o [1]
    .bss               zero     0x1fff0a24     0x4  speed.o [1]
    .bss               zero     0x1fff0a28     0x4  speed.o [1]
    .bss               zero     0x1fff0a2c     0x4  speed.o [1]
    .bss               zero     0x1fff0a30     0x4  speed.o [1]
    .bss               zero     0x1fff0a34     0x4  speed.o [1]
    .bss               zero     0x1fff0a38     0x4  speed.o [1]
    .bss               zero     0x1fff0a3c     0x4  speed.o [1]
    .bss               zero     0x1fff0a40     0x4  speed.o [1]
    .bss               zero     0x1fff0a44     0x4  speed.o [1]
    .bss               zero     0x1fff0a48     0x4  speed.o [1]
    .bss               zero     0x1fff0a4c     0x4  speed.o [1]
    .bss               zero     0x1fff0a50     0x4  speed.o [1]
    .bss               zero     0x1fff0a54     0x4  speed.o [1]
    .bss               zero     0x1fff0a58     0x4  speed.o [1]
    .bss               zero     0x1fff0a5c     0x4  speed.o [1]
    .bss               zero     0x1fff0a60     0x4  speed.o [1]
    .bss               zero     0x1fff0a64     0x4  speed.o [1]
    .bss               zero     0x1fff0a68     0x4  speed.o [1]
    .bss               zero     0x1fff0a6c     0x4  speed.o [1]
    .bss               zero     0x1fff0a70     0x4  speed.o [1]
    .bss               zero     0x1fff0a74     0x4  speed.o [1]
    .bss               zero     0x1fff0a78     0x4  speed.o [1]
    .bss               zero     0x1fff0a7c    0x2c  speedcheck.o [1]
    .bss               zero     0x1fff0aa8    0x2c  speedcheck.o [1]
    .bss               zero     0x1fff0ad4     0x4  speedcheck.o [1]
    .bss               zero     0x1fff0ad8     0x4  speedcheck.o [1]
    .bss               zero     0x1fff0adc     0x4  speedcheck.o [1]
    .bss               zero     0x1fff0ae0     0x4  speedcheck.o [1]
    .bss               zero     0x1fff0ae4    0x28  speedcheck.o [1]
    .bss               zero     0x1fff0b0c    0x28  speedcheck.o [1]
    .bss               zero     0x1fff0b34     0x4  speedcheck.o [1]
    .bss               zero     0x1fff0b38     0x4  speedcheck.o [1]
    .bss               zero     0x1fff0b3c     0x4  speedcheck.o [1]
    .bss               zero     0x1fff0b40     0x1  isr.o [1]
    .bss               zero     0x1fff0b41     0x1  speedcheck.o [1]
    .bss               zero     0x1fff0b42     0x1  speedcheck.o [1]
  CSTACK                        0x1fff0b48  0x1000  <Block>
    CSTACK             uninit   0x1fff0b48  0x1000  <Block tail>
  P2 s0                         0x1fff1b48     0x4  <Init block>
    __DLIB_PERTHREAD   inited   0x1fff1b48     0x4  errno.o [3]
                              - 0x1fff1b4c  0x173c


*******************************************************************************
*** INIT TABLE
***

          Address     Size
          -------     ----
Zero (__iar_zero_init3)
    1 destination range, total size 0x4af:
          0x1fff0694  0x4af



*******************************************************************************
*** MODULE SUMMARY
***

    Module                 ro code  rw code  ro data  rw data
    ------                 -------  -------  -------  -------
E:\LPLD_OSKinetis_V3.1\project\balanceNewCar\iar\FLASH\Obj: [1]
    DEV_MMA8451.o              358
    Fuzzy.o                  2 686
    HW_ADC.o                 1 144                44        8
    HW_DMA.o                 1 204                44       64
    HW_FTM.o                 2 356                44       12
    HW_GPIO.o                  392                48       20
    HW_I2C.o                   756                44        8
    HW_LPTMR.o                 108                          4
    HW_MCG.o                   368       76       95       16
    HW_PIT.o                   372                44       16
    HW_UART.o                1 816                         48
    angle.o                    748                         88
    assert.o                    20                48
    balance.o                1 032                65       15
    direct.o                 1 336                        268
    gpio.o                     448                        128
    init.o                     468                        148
    io.o                        20
    isr.o                      448                         41
    key.o                      324                         20
    oled.o                   1 300               552       20
    printf.o                 1 252
    relocate.o                 160
    speed.o                  3 320               532      636
    speedcheck.o               766                        198
    startup_K60D10.o         1 044
    stdlib.o                    28
    system_MK60.o            1 880             1 536        4
    ---------------------------------------------------------
    Total:                  26 154       76    3 096    1 762

command line: [2]
    ---------------------------------------------------------
    Total:

dl7M_tln.a: [3]
    errno.o                     12                 4        4
    exit.o                       4
    low_level_init.o             4
    xtls.o                       2
    ---------------------------------------------------------
    Total:                      22                 4        4

m7M_tl.a: [4]
    DblAdd.o                   232
    DblCmpEq.o                  32
    DblCmpGe.o                  46
    DblCmpLe.o                  46
    DblDiv.o                   582
    DblMul.o                   418
    DblSub.o                   384
    DblToFlt.o                 144
    DblToI32.o                  76
    FltAdd.o                   132
    FltCmpGe.o                  36
    FltCmpLe.o                  36
    FltDiv.o                   252
    FltMul.o                   216
    FltSub.o                   230
    FltToDbl.o                  78
    FltToS32.o                  68
    I32ToDbl.o                  48
    I32ToFlt.o                  50
    asin.o                     246
    fmod.o                     424
    sin.o                        6
    sqrt.o                     240
    xatan.o                    480
    xdint.o                    126
    xquad.o                    352
    xsin.o                   1 066
    ---------------------------------------------------------
    Total:                   6 046

rt7M_tl.a: [5]
    ABImemclr4.o                 6
    ABImemcpy_unaligned.o       86
    ABImemset48.o               50
    cexit.o                     10
    cmain.o                     26
    cstartup_M.o                12
    data_init.o                 40
    iarEdom.o                   12
    zero_init3.o                34
    ---------------------------------------------------------
    Total:                     276

shb_l.a: [6]
    exit.o                      20
    ---------------------------------------------------------
    Total:                      20

    Gaps                        34                          5
    Linker created               8                16    4 096
-------------------------------------------------------------
    Grand Total:            32 560       76    3 116    5 867


*******************************************************************************
*** ENTRY LIST
***

Entry                      Address   Size  Type      Object
-----                      -------   ----  ----      ------
.bss$$Base              0x1fff0694          --   Gb  - Linker created -
.bss$$Limit             0x1fff0b43          --   Gb  - Linker created -
.data$$Base             0x1fff0410          --   Gb  - Linker created -
.data$$Limit            0x1fff0648          --   Gb  - Linker created -
.data_init$$Base        0x00007d38          --   Gb  - Linker created -
.data_init$$Limit       0x00007f70          --   Gb  - Linker created -
?main                   0x00008819         Code  Gb  cmain.o [5]
AD1Basic                0x1fff07ec    0x4  Data  Gb  direct.o [1]
ADC0_IRQHandler         0x00004ff7    0xa  Code  Gb  HW_ADC.o [1]
ADC1_IRQHandler         0x00005001    0xa  Code  Gb  HW_ADC.o [1]
ADC_ISR                 0x1fff087c    0x8  Data  Gb  HW_ADC.o [1]
AD_Z                    0x1fff06c4    0x4  Data  Gb  angle.o [1]
AD_result               0x1fff0714    0xc  Data  Gb  direct.o [1]
AD_temp                 0x1fff0720    0xc  Data  Gb  direct.o [1]
ASSERT_FAILED_STR       0x00008464   0x30  Data  Gb  assert.o [1]
AngleControlOut         0x1fff0a6c    0x4  Data  Gb  speed.o [1]
Angle_Zero              0x1fff047c    0x4  Data  Gb  speed.o [1]
CSTACK$$Base            0x1fff0b48          --   Gb  - Linker created -
CSTACK$$Limit           0x1fff1b48          --   Gb  - Linker created -
CodeRelocate$$Base      0x00008358          --   Gb  - Linker created -
CodeRelocate$$Limit     0x000083a4          --   Gb  - Linker created -
CodeRelocateRam$$Base   0x1fff0648          --   Gb  - Linker created -
CodeRelocateRam$$Limit  0x1fff0694          --   Gb  - Linker created -
DIP_Switch              0x00006719   0xa0  Code  Gb  balance.o [1]
DIP_Switch_Value        0x1fff0410    0x4  Data  Gb  balance.o [1]
DMA0_IRQHandler         0x0000629b   0x16  Code  Gb  HW_DMA.o [1]
DMA10_IRQHandler        0x00006377   0x16  Code  Gb  HW_DMA.o [1]
DMA11_IRQHandler        0x0000638d   0x16  Code  Gb  HW_DMA.o [1]
DMA12_IRQHandler        0x000063a3   0x16  Code  Gb  HW_DMA.o [1]
DMA13_IRQHandler        0x000063b9   0x16  Code  Gb  HW_DMA.o [1]
DMA14_IRQHandler        0x000063cf   0x16  Code  Gb  HW_DMA.o [1]
DMA15_IRQHandler        0x000063e5   0x16  Code  Gb  HW_DMA.o [1]
DMA1_IRQHandler         0x000062b1   0x16  Code  Gb  HW_DMA.o [1]
DMA1_isr                0x000073f9   0x24  Code  Gb  speedcheck.o [1]
DMA2_IRQHandler         0x000062c7   0x16  Code  Gb  HW_DMA.o [1]
DMA2_isr                0x0000741d   0x24  Code  Gb  speedcheck.o [1]
DMA3_IRQHandler         0x000062dd   0x16  Code  Gb  HW_DMA.o [1]
DMA4_IRQHandler         0x000062f3   0x16  Code  Gb  HW_DMA.o [1]
DMA5_IRQHandler         0x00006309   0x16  Code  Gb  HW_DMA.o [1]
DMA6_IRQHandler         0x0000631f   0x16  Code  Gb  HW_DMA.o [1]
DMA7_IRQHandler         0x00006335   0x16  Code  Gb  HW_DMA.o [1]
DMA8_IRQHandler         0x0000634b   0x16  Code  Gb  HW_DMA.o [1]
DMA9_IRQHandler         0x00006361   0x16  Code  Gb  HW_DMA.o [1]
DMA_ISR                 0x1fff0884   0x40  Data  Gb  HW_DMA.o [1]
DMA_Init                0x00007333   0xc4  Code  Gb  speedcheck.o [1]
DMA_Struct1             0x1fff0a7c   0x2c  Data  Gb  speedcheck.o [1]
DMA_Struct2             0x1fff0aa8   0x2c  Data  Gb  speedcheck.o [1]
D_dir_err               0x1fff0a1c    0x4  Data  Gb  speed.o [1]
D_err                   0x1fff0a78    0x4  Data  Gb  speed.o [1]
Data1                   0x1fff0b41    0x1  Data  Gb  speedcheck.o [1]
Data2                   0x1fff0b42    0x1  Data  Gb  speedcheck.o [1]
DefaultISR              0x0000376f   0x18  Code  Gb  system_MK60.o [1]
Diagnostic_Reset_Source
                        0x00003a5b  0x156  Code  Lc  system_MK60.o [1]
Dip_Switch              0x00006983   0x2c  Code  Gb  gpio.o [1]
DirectSpeedControlOut1  0x1fff0a38    0x4  Data  Gb  speed.o [1]
DirectSpeedControlOut2  0x1fff0a3c    0x4  Data  Gb  speed.o [1]
Direct_P                0x1fff0488  0x1bc  Data  Gb  speed.o [1]
DirectionSpeedControl   0x00000add  0x26a  Code  Gb  speed.o [1]
DirectionSpeedOut       0x00000d47   0x86  Code  Gb  speed.o [1]
F6x8                    0x00007f70  0x228  Data  Gb  oled.o [1]
FTM0_IRQHandler         0x00002fb9    0xa  Code  Gb  HW_FTM.o [1]
FTM1_IRQHandler         0x00002fc3    0xa  Code  Gb  HW_FTM.o [1]
FTM2_IRQHandler         0x00002fcd    0xa  Code  Gb  HW_FTM.o [1]
FTM_ISR                 0x1fff08c4    0xc  Data  Gb  HW_FTM.o [1]
FuzzyCtrl               0x00001c5b  0xa6c  Code  Gb  Fuzzy.o [1]
Fuzzy_Update            0x000026c7   0x12  Code  Gb  Fuzzy.o [1]
GPIO_DMA_Init           0x00006cdb   0x5a  Code  Gb  init.o [1]
GPIO_ISR                0x1fff08d0   0x14  Data  Gb  HW_GPIO.o [1]
GetMotorPulse           0x000071c1  0x172  Code  Gb  speedcheck.o [1]
HardFault_Handler       0x00003763    0xc  Code  Gb  system_MK60.o [1]
I2C0_IRQHandler         0x00007827   0x5a  Code  Gb  HW_I2C.o [1]
I2C1_IRQHandler         0x00007881   0x5a  Code  Gb  HW_I2C.o [1]
I2C_ISR                 0x1fff08e4    0x8  Data  Gb  HW_I2C.o [1]
INPUT1_Init             0x1fff099c   0x14  Data  Gb  init.o [1]
INPUT2_Init             0x1fff09b0   0x14  Data  Gb  init.o [1]
LCD_DLY_ms              0x000059ed   0x1a  Code  Gb  oled.o [1]
LCD_Fill                0x00005acf   0x3c  Code  Gb  oled.o [1]
LCD_Init                0x00005915   0xd8  Code  Gb  oled.o [1]
LCD_P6x8Str             0x00005b49   0x7a  Code  Gb  oled.o [1]
LCD_P6x8char            0x00005b0b   0x3e  Code  Gb  oled.o [1]
LCD_Set_Pos             0x00005aa3   0x2c  Code  Gb  oled.o [1]
LCD_WrCmd               0x00005a59   0x4a  Code  Gb  oled.o [1]
LCD_WrDat               0x00005a09   0x4e  Code  Gb  oled.o [1]
LPLD_ADC_Cal            0x00004f57   0xa0  Code  Lc  HW_ADC.o [1]
LPLD_ADC_Chn_Enable     0x00004d81  0x1d6  Code  Gb  HW_ADC.o [1]
LPLD_ADC_Get            0x00004d59   0x28  Code  Gb  HW_ADC.o [1]
LPLD_ADC_Init           0x00004bb9  0x1a0  Code  Gb  HW_ADC.o [1]
LPLD_DMA_EnableIrq      0x00006285   0x16  Code  Gb  HW_DMA.o [1]
LPLD_DMA_Init           0x00005f83  0x302  Code  Gb  HW_DMA.o [1]
LPLD_FTM_DEC_Init       0x00002fb1    0x8  Code  Lc  HW_FTM.o [1]
LPLD_FTM_IC_Init        0x00002a1d   0x96  Code  Lc  HW_FTM.o [1]
LPLD_FTM_Init           0x0000271d  0x120  Code  Gb  HW_FTM.o [1]
LPLD_FTM_PWM_ChangeDuty
                        0x000028a7   0x50  Code  Gb  HW_FTM.o [1]
LPLD_FTM_PWM_Enable     0x0000283d   0x6a  Code  Gb  HW_FTM.o [1]
LPLD_FTM_PWM_Init       0x000028f7  0x126  Code  Lc  HW_FTM.o [1]
LPLD_FTM_PinInit        0x00002ab3  0x4a4  Code  Lc  HW_FTM.o [1]
LPLD_FTM_QD_Init        0x00002f75   0x3c  Code  Lc  HW_FTM.o [1]
LPLD_GPIO_Init          0x00005de5   0xe4  Code  Gb  HW_GPIO.o [1]
LPLD_I2C_Init           0x00007635  0x158  Code  Gb  HW_I2C.o [1]
LPLD_I2C_ReStart        0x0000779f    0xa  Code  Gb  HW_I2C.o [1]
LPLD_I2C_ReadByte       0x000077eb    0x6  Code  Gb  HW_I2C.o [1]
LPLD_I2C_SetMasterWR    0x000077f1   0x1a  Code  Gb  HW_I2C.o [1]
LPLD_I2C_Start          0x0000778d   0x12  Code  Gb  HW_I2C.o [1]
LPLD_I2C_StartTrans     0x0000780b   0x1c  Code  Gb  HW_I2C.o [1]
LPLD_I2C_Stop           0x000077a9   0x12  Code  Gb  HW_I2C.o [1]
LPLD_I2C_WaitAck        0x000077bb   0x2c  Code  Gb  HW_I2C.o [1]
LPLD_I2C_WriteByte      0x000077e7    0x4  Code  Gb  HW_I2C.o [1]
LPLD_LPTMR_DelayMs      0x00006b2d   0x40  Code  Gb  HW_LPTMR.o [1]
LPLD_MMA8451_GetResult  0x00006e7d   0x48  Code  Gb  DEV_MMA8451.o [1]
LPLD_MMA8451_Init       0x00006d6d   0x52  Code  Gb  DEV_MMA8451.o [1]
LPLD_MMA8451_ReadReg    0x00006e03   0x76  Code  Gb  DEV_MMA8451.o [1]
LPLD_MMA8451_WriteReg   0x00006dbf   0x44  Code  Gb  DEV_MMA8451.o [1]
LPLD_PIT_EnableIrq      0x00007587   0x26  Code  Gb  HW_PIT.o [1]
LPLD_PIT_Init           0x000074d5   0xb2  Code  Gb  HW_PIT.o [1]
LPLD_PLL_Setup          0x00003df9  0x170  Code  Gb  HW_MCG.o [1]
LPLD_Set_SYS_DIV        0x1fff0649   0x4c  Code  Gb  HW_MCG.o [1]
LPLD_UART_Init          0x00003f69  0x410  Code  Gb  HW_UART.o [1]
LPLD_UART_PutChar       0x00004379    0xa  Code  Gb  HW_UART.o [1]
LPTMR_ISR               0x1fff08ec    0x4  Data  Gb  HW_LPTMR.o [1]
LPT_IRQHandler          0x00006b6d   0x16  Code  Gb  HW_LPTMR.o [1]
L_PowerValue            0x1fff0a70    0x4  Data  Gb  speed.o [1]
Last_dir_err            0x1fff0a18    0x4  Data  Gb  speed.o [1]
MMA8451_Delay           0x00006ec5    0xe  Code  Lc  DEV_MMA8451.o [1]
Motor_Control           0x00000df1  0x186  Code  Gb  speed.o [1]
Motor_Stop              0x00000f77   0x2c  Code  Gb  speed.o [1]
My_Speed_Set            0x1fff06ec    0x4  Data  Gb  balance.o [1]
NVIC_EnableIRQ          0x00005f6d   0x16  Code  Lc  HW_DMA.o [1]
NVIC_EnableIRQ          0x000074c1   0x14  Code  Lc  HW_PIT.o [1]
New_dir_err             0x1fff0a14    0x4  Data  Gb  speed.o [1]
PIT0_IRQHandler         0x000075ad   0x16  Code  Gb  HW_PIT.o [1]
PIT1_IRQHandler         0x000075c3   0x16  Code  Gb  HW_PIT.o [1]
PIT2_IRQHandler         0x000075d9   0x16  Code  Gb  HW_PIT.o [1]
PIT3_IRQHandler         0x000075ef   0x16  Code  Gb  HW_PIT.o [1]
PIT_ISR                 0x1fff08f0   0x10  Data  Gb  HW_PIT.o [1]
PORTA_IRQHandler        0x00005ec9   0x12  Code  Gb  HW_GPIO.o [1]
PORTB_IRQHandler        0x00005edb   0x12  Code  Gb  HW_GPIO.o [1]
PORTC_IRQHandler        0x00005eed   0x12  Code  Gb  HW_GPIO.o [1]
PORTD_IRQHandler        0x00005eff   0x12  Code  Gb  HW_GPIO.o [1]
PORTE_IRQHandler        0x00005f11   0x12  Code  Gb  HW_GPIO.o [1]
R_PowerValue            0x1fff0a74    0x4  Data  Gb  speed.o [1]
Region$$Table$$Base     0x000086bc          --   Gb  - Linker created -
Region$$Table$$Limit    0x000086cc          --   Gb  - Linker created -
SA                      0x1fff0a40    0x4  Data  Gb  speed.o [1]
SA_his                  0x1fff0440   0x3c  Data  Gb  speed.o [1]
Show_Number             0x00005be1  0x204  Code  Gb  oled.o [1]
SpeedAlone_D1           0x1fff0438    0x4  Data  Gb  speed.o [1]
SpeedAlone_D2           0x1fff043c    0x4  Data  Gb  speed.o [1]
SpeedAlone_P1           0x1fff0430    0x4  Data  Gb  speed.o [1]
SpeedAlone_P2           0x1fff0434    0x4  Data  Gb  speed.o [1]
SpeedCatch_flag         0x1fff09e8    0x4  Data  Gb  isr.o [1]
SpeedControlOutput      0x00000861  0x27c  Code  Gb  speed.o [1]
SpeedControl_Integral   0x1fff0a54    0x4  Data  Gb  speed.o [1]
SpeedError              0x1fff0a60    0x4  Data  Gb  speed.o [1]
SpeedError1             0x1fff0a34    0x4  Data  Gb  speed.o [1]
Speed_LQ_now            0x1fff0ae4   0x28  Data  Gb  speedcheck.o [1]
Speed_New               0x1fff0a5c    0x4  Data  Gb  speed.o [1]
Speed_Old               0x1fff0a58    0x4  Data  Gb  speed.o [1]
Speed_RQ_now            0x1fff0b0c   0x28  Data  Gb  speedcheck.o [1]
Speed_Set               0x1fff0a44    0x4  Data  Gb  speed.o [1]
Speederror1             0x1fff0a64    0x4  Data  Gb  speed.o [1]
Speederror11            0x1fff0a2c    0x4  Data  Gb  speed.o [1]
Speederror12            0x1fff0a30    0x4  Data  Gb  speed.o [1]
Speederror2             0x1fff0a68    0x4  Data  Gb  speed.o [1]
SystemCoreClock         0x1fff0644    0x4  Data  Gb  system_MK60.o [1]
SystemCoreClockUpdate   0x00003735   0x2e  Code  Gb  system_MK60.o [1]
SystemInit              0x000035f9  0x13c  Code  Gb  system_MK60.o [1]
UART0_ERR_IRQHandler    0x00004675    0x2  Code  Gb  HW_UART.o [1]
UART0_IRQHandler        0x00004383   0x58  Code  Gb  HW_UART.o [1]
UART1_ERR_IRQHandler    0x00004677    0x2  Code  Gb  HW_UART.o [1]
UART1_IRQHandler        0x000043db   0x58  Code  Gb  HW_UART.o [1]
UART2_ERR_IRQHandler    0x00004679    0x2  Code  Gb  HW_UART.o [1]
UART2_IRQHandler        0x00004433   0x58  Code  Gb  HW_UART.o [1]
UART3_ERR_IRQHandler    0x0000467b    0x2  Code  Gb  HW_UART.o [1]
UART3_IRQHandler        0x0000448b   0x58  Code  Gb  HW_UART.o [1]
UART4_ERR_IRQHandler    0x0000467d    0x2  Code  Gb  HW_UART.o [1]
UART4_IRQHandler        0x000044e3   0x58  Code  Gb  HW_UART.o [1]
UART5_ERR_IRQHandler    0x0000467f    0x2  Code  Gb  HW_UART.o [1]
UART5_IRQHandler        0x0000453b   0x58  Code  Gb  HW_UART.o [1]
UART_R_ISR              0x1fff0900   0x18  Data  Gb  HW_UART.o [1]
UART_T_ISR              0x1fff0918   0x18  Data  Gb  HW_UART.o [1]
__BOOT_STACK_ADDRESS {Abs}
                        0x2000fff8          --   Gb  command line/config [2]
__VECTOR_RAM {Abs}      0x1fff0000          --   Gb  command line/config [2]
__VECTOR_TABLE {Abs}    0x00000000          --   Gb  command line/config [2]
__Vectors               0x00000000          --   Gb  startup_K60D10.o [1]
__Vectors_End           0x00000400         Data  Gb  startup_K60D10.o [1]
__Vectors_Size {Abs}    0x00000400          --   Gb  startup_K60D10.o [1]
__aeabi_cdcmpeq         0x000056fd         Code  Gb  DblCmpEq.o [4]
__aeabi_cdcmple         0x00005039         Code  Gb  DblCmpLe.o [4]
__aeabi_cdrcmple        0x00005069         Code  Gb  DblCmpGe.o [4]
__aeabi_cfcmple         0x00001ae5         Code  Gb  FltCmpLe.o [4]
__aeabi_cfrcmple        0x00001b09         Code  Gb  FltCmpGe.o [4]
__aeabi_d2f             0x0000196d         Code  Gb  DblToFlt.o [4]
__aeabi_d2iz            0x000054c5         Code  Gb  DblToI32.o [4]
__aeabi_dadd            0x000019fd         Code  Gb  DblAdd.o [4]
__aeabi_ddiv            0x00001401         Code  Gb  DblDiv.o [4]
__aeabi_dmul            0x000017c9         Code  Gb  DblMul.o [4]
__aeabi_dsub            0x00001649         Code  Gb  DblSub.o [4]
__aeabi_errno_addr      0x00005511    0x6  Code  Gb  errno.o [3]
__aeabi_f2d             0x00001381         Code  Gb  FltToDbl.o [4]
__aeabi_f2iz            0x000026d9         Code  Gb  FltToS32.o [4]
__aeabi_fadd            0x00001225         Code  Gb  FltAdd.o [4]
__aeabi_fdiv            0x00001b2d         Code  Gb  FltDiv.o [4]
__aeabi_fmul            0x000012a9         Code  Gb  FltMul.o [4]
__aeabi_fsub            0x0000111d         Code  Gb  FltSub.o [4]
__aeabi_i2d             0x000013d1         Code  Gb  I32ToDbl.o [4]
__aeabi_i2f             0x00001c29         Code  Gb  I32ToFlt.o [4]
__aeabi_memclr4         0x00003051         Code  Gb  ABImemclr4.o [5]
__aeabi_ui2d            0x000013e5         Code  Gb  I32ToDbl.o [4]
__aeabi_ui2f            0x00001c3d         Code  Gb  I32ToFlt.o [4]
__as_entries_start      0xffffffff          --   Gb  command line/config [2]
__as_table_start        0xffffffff          --   Gb  command line/config [2]
__cmain                 0x00008819         Code  Gb  cmain.o [5]
__exit                  0x00008849   0x14  Code  Gb  exit.o [6]
__iar_Atan              0x00007b59  0x148  Code  Gb  xatan.o [4]
__iar_Dint              0x0000567f   0x7e  Code  Gb  xdint.o [4]
__iar_Errno             0x1fff1b48    0x4  Data  Gb  errno.o [3]
__iar_Memset4_word      0x000030c5         Code  Gb  ABImemset48.o [5]
__iar_Memset8_word      0x000030c5         Code  Gb  ABImemset48.o [5]
__iar_Quad              0x0000551d  0x160  Code  Gb  xquad.o [4]
__iar_Sin               0x00005099  0x424  Code  Gb  xsin.o [4]
__iar_d2uiz             0x000054f1         Code  Gb  DblToI32.o [4]
__iar_dadd              0x00001a11         Code  Gb  DblAdd.o [4]
__iar_data_init3        0x00008629   0x28  Code  Gb  data_init.o [5]
__iar_dlib_perthread_access
                        0x0000567d    0x2  Code  Gb  xtls.o [3]
__iar_dsub              0x0000165d         Code  Gb  DblSub.o [4]
__iar_dsubStart         0x0000166f         Code  Gb  DblSub.o [4]
__iar_edom              0x000058c5         Code  Gb  iarEdom.o [5]
__iar_fadd              0x00001235         Code  Gb  FltAdd.o [4]
__iar_fmod              0x0000571d         Code  Gb  fmod.o [4]
__iar_fmodl             0x0000571d         Code  Gb  fmod.o [4]
__iar_fsub              0x0000112d         Code  Gb  FltSub.o [4]
__iar_fsubStart         0x0000113d         Code  Gb  FltSub.o [4]
__iar_program_start     0x00008a9d         Code  Gb  cstartup_M.o [5]
__iar_sqrt              0x00007a21         Code  Gb  sqrt.o [4]
__iar_ui2d              0x000013e9         Code  Gb  I32ToDbl.o [4]
__iar_ui2f              0x00001c41         Code  Gb  I32ToFlt.o [4]
__iar_unaligned___aeabi_memcpy4
                        0x0000306d         Code  Gb  ABImemcpy_unaligned.o [5]
__iar_unaligned___aeabi_memcpy8
                        0x0000306d         Code  Gb  ABImemcpy_unaligned.o [5]
__iar_zero_init3        0x00001203   0x22  Code  Gb  zero_init3.o [5]
__low_level_init        0x00008833    0x4  Code  Gb  low_level_init.o [3]
__vector_table          0x00000000         Data  Gb  startup_K60D10.o [1]
__vector_table_0x1c     0x0000001c         Data  Gb  startup_K60D10.o [1]
_call_main              0x00008825         Code  Gb  cmain.o [5]
_exit                   0x0000883d         Code  Gb  cexit.o [5]
_main                   0x0000882f         Code  Gb  cmain.o [5]
a                       0x00007cf8   0x40  Data  Lc  xatan.o [4]
accl_angle_Y            0x1fff06cc    0x4  Data  Gb  angle.o [1]
ad_gyro_x               0x1fff06dc    0x4  Data  Gb  angle.o [1]
ad_gyro_y               0x1fff06d8    0x4  Data  Gb  angle.o [1]
ad_z                    0x1fff069c   0x28  Data  Gb  angle.o [1]
adc0_init_struct        0x1fff094c   0x14  Data  Gb  init.o [1]
adc1_init_struct        0x1fff0960   0x14  Data  Gb  init.o [1]
adc2_init_struct        0x1fff0974   0x14  Data  Gb  init.o [1]
adc_init                0x00006b99   0xd8  Code  Gb  init.o [1]
angle                   0x1fff06e8    0x4  Data  Gb  angle.o [1]
angle_D                 0x1fff0484    0x4  Data  Gb  speed.o [1]
angle_P                 0x1fff0480    0x4  Data  Gb  speed.o [1]
angle_control           0x00000425  0x206  Code  Gb  speed.o [1]
asin                    0x00007929   0xf0  Code  Gb  asin.o [4]
assert_failed           0x00003059   0x14  Code  Gb  assert.o [1]
cal_offset              0x00004879  0x2da  Code  Gb  direct.o [1]
ch0_over_cnt            0x1fff0ad4    0x4  Data  Gb  speedcheck.o [1]
ch0_pulseacc            0x1fff0adc    0x4  Data  Gb  speedcheck.o [1]
ch1_over_cnt            0x1fff0ad8    0x4  Data  Gb  speedcheck.o [1]
ch1_pulseacc            0x1fff0ae0    0x4  Data  Gb  speedcheck.o [1]
channel                 0x1fff072c   0xc0  Data  Gb  direct.o [1]
common_relocate         0x00003d51   0xa0  Code  Gb  relocate.o [1]
count                   0x1fff0698    0x4  Data  Gb  angle.o [1]
cpu_identify            0x0000378d  0x228  Code  Lc  system_MK60.o [1]
curveTime               0x1fff09d4    0x4  Data  Gb  isr.o [1]
dChange                 0x1fff0415    0x1  Data  Gb  balance.o [1]
direct_flag             0x1fff09e4    0x4  Data  Gb  isr.o [1]
direct_start            0x1fff09dc    0x4  Data  Gb  isr.o [1]
exit                    0x00008837    0x4  Code  Gb  exit.o [3]
first_offset            0x1fff06f0    0xc  Data  Gb  direct.o [1]
flash_identify          0x000039b5   0xa6  Code  Lc  system_MK60.o [1]
fmod                    0x0000571d         Code  Gb  fmod.o [4]
fmodl                   0x0000571d         Code  Gb  fmod.o [4]
ftm_init_struct         0x1fff0860   0x1c  Data  Gb  gpio.o [1]
g_bus_clock             0x1fff0424    0x4  Data  Gb  HW_MCG.o [1]
g_core_clock            0x1fff0420    0x4  Data  Gb  HW_MCG.o [1]
g_flash_clock           0x1fff0428    0x4  Data  Gb  HW_MCG.o [1]
g_flexbus_clock         0x1fff042c    0x4  Data  Gb  HW_MCG.o [1]
get_0                   0x00006f3f   0x68  Code  Gb  angle.o [1]
get_accl                0x0000707b   0x34  Code  Gb  angle.o [1]
get_ad                  0x00004789   0xf0  Code  Gb  direct.o [1]
get_ad_once             0x00004681  0x108  Code  Gb  direct.o [1]
get_gyro                0x0000700b   0x70  Code  Gb  angle.o [1]
goDieFlag               0x1fff09cc    0x4  Data  Gb  isr.o [1]
gpio_init_struct0       0x1fff0a00   0x14  Data  Gb  oled.o [1]
gpio_init_struct_Dip_Switch
                        0x1fff084c   0x14  Data  Gb  gpio.o [1]
gpio_init_struct_SpeedDirect_Left
                        0x1fff0810   0x14  Data  Gb  gpio.o [1]
gpio_init_struct_SpeedDirect_Right
                        0x1fff0824   0x14  Data  Gb  gpio.o [1]
gpio_init_struct_StopCar
                        0x1fff0838   0x14  Data  Gb  gpio.o [1]
gpio_init_struct_beep   0x1fff07fc   0x14  Data  Gb  gpio.o [1]
gpio_init_struct_key    0x1fff09ec   0x14  Data  Gb  key.o [1]
gyro0_AR1               0x1fff06d0    0x4  Data  Gb  angle.o [1]
gyro0_AR2               0x1fff06d4    0x4  Data  Gb  angle.o [1]
gyro_speed_x            0x1fff06e4    0x4  Data  Gb  angle.o [1]
gyro_speed_y            0x1fff06e0    0x4  Data  Gb  angle.o [1]
his_offset              0x1fff0700   0x14  Data  Gb  direct.o [1]
init_gpio_Dip_Switch    0x0000694d   0x36  Code  Gb  gpio.o [1]
init_gpio_SpeedDirect   0x000068c1   0x5c  Code  Gb  gpio.o [1]
init_gpio_StopCar       0x0000691d   0x30  Code  Gb  gpio.o [1]
init_gpio_beep          0x00006893   0x2e  Code  Gb  gpio.o [1]
init_gpio_key           0x00006ad5   0x36  Code  Gb  key.o [1]
init_gpio_oled          0x000058d1   0x44  Code  Gb  oled.o [1]
ji                      0x1fff0694    0x4  Data  Gb  angle.o [1]
keyScan                 0x000069e9   0xec  Code  Gb  key.o [1]
keyState                0x1fff0418    0x4  Data  Gb  balance.o [1]
lvbo                    0x00006fa7   0x64  Code  Gb  angle.o [1]
main                    0x00006421  0x122  Code  Gb  balance.o [1]
nowADBase               0x1fff07f0    0x4  Data  Gb  direct.o [1]
offset                  0x1fff06fc    0x4  Data  Gb  direct.o [1]
offsetTemp              0x1fff07f4    0x4  Data  Gb  direct.o [1]
oled_flag               0x1fff09e0    0x4  Data  Gb  isr.o [1]
one_complementation     0x00006ed5   0x6a  Code  Gb  angle.o [1]
out_char                0x00008a21    0xe  Code  Gb  io.o [1]
pit0_init_struct        0x1fff0988   0x14  Data  Gb  init.o [1]
pit0_isr                0x00008199  0x176  Code  Gb  isr.o [1]
pit_init                0x00006ca1   0x3a  Code  Gb  init.o [1]
printf                  0x000035b9   0x1e  Code  Gb  printf.o [1]
printk                  0x000031d1  0x3e8  Code  Gb  printf.o [1]
printk_mknumstr         0x00003125   0x70  Code  Lc  printf.o [1]
printk_pad_space        0x000031b3   0x1e  Code  Lc  printf.o [1]
printk_pad_zero         0x00003195   0x1e  Code  Lc  printf.o [1]
printk_putc             0x000030f9   0x2c  Code  Lc  printf.o [1]
pwm_init                0x00006829   0x6a  Code  Gb  gpio.o [1]
ronghe_angle            0x000070af   0x98  Code  Gb  angle.o [1]
runTime                 0x1fff09c4    0x4  Data  Gb  isr.o [1]
show_info               0x00006543  0x1ce  Code  Gb  balance.o [1]
sin                     0x00005031    0x6  Code  Gb  sin.o [4]
speedChangeFlag         0x1fff041c    0x1  Data  Gb  balance.o [1]
speedPlus               0x00007491   0x2e  Code  Gb  speedcheck.o [1]
speed_D                 0x1fff0a50    0x4  Data  Gb  speed.o [1]
speed_I                 0x1fff0a4c    0x4  Data  Gb  speed.o [1]
speed_L                 0x1fff0b34    0x4  Data  Gb  speedcheck.o [1]
speed_P                 0x1fff0a48    0x4  Data  Gb  speed.o [1]
speed_R                 0x1fff0b38    0x4  Data  Gb  speedcheck.o [1]
speed_avg               0x1fff0b3c    0x4  Data  Gb  speedcheck.o [1]
speed_control           0x0000062b  0x236  Code  Gb  speed.o [1]
speed_control_new1      0x1fff0a24    0x4  Data  Gb  speed.o [1]
speed_control_new2      0x1fff0a28    0x4  Data  Gb  speed.o [1]
speedout1               0x1fff0a20    0x4  Data  Gb  speed.o [1]
sqrt                    0x00007a21         Code  Gb  sqrt.o [4]
sqrtl                   0x00007a21         Code  Gb  sqrt.o [4]
start_flag              0x1fff09d8    0x4  Data  Gb  isr.o [1]
stopCarSetFlag          0x1fff0414    0x1  Data  Gb  balance.o [1]
stopFlag                0x1fff0b40    0x1  Data  Gb  isr.o [1]
stopTime                0x1fff09c8    0x4  Data  Gb  isr.o [1]
straightTime            0x1fff09d0    0x4  Data  Gb  isr.o [1]
strlen                  0x000035dd   0x1c  Code  Gb  stdlib.o [1]
uart3_init_struct       0x1fff0930   0x1c  Data  Gb  init.o [1]
uart_init               0x00006c71   0x30  Code  Gb  init.o [1]
value_Z                 0x1fff06c8    0x4  Data  Gb  angle.o [1]


[1] = E:\LPLD_OSKinetis_V3.1\project\balanceNewCar\iar\FLASH\Obj
[2] = command line
[3] = dl7M_tln.a
[4] = m7M_tl.a
[5] = rt7M_tl.a
[6] = shb_l.a

  32 560 bytes of readonly  code memory
      76 bytes of readwrite code memory
   3 116 bytes of readonly  data memory
   5 867 bytes of readwrite data memory

Errors: none
Warnings: none
