###############################################################################
#
# IAR ELF Linker V7.20.2.7424/W32 for ARM                 16/Aug/2016  11:16:13
# Copyright 2007-2014 IAR Systems AB.
#
#    Output file  =  
#        E:\LPLD_OSKinetis_V3.1\project\balanceNewCar\iar\FLASH\Exe\balance_K60D10.out
#    Map file     =  
#        E:\LPLD_OSKinetis_V3.1\project\balanceNewCar\iar\FLASH\List\balance_K60D10.map
#    Command line =  
#        E:\LPLD_OSKinetis_V3.1\project\balanceNewCar\iar\FLASH\Obj\alloc.o
#        E:\LPLD_OSKinetis_V3.1\project\balanceNewCar\iar\FLASH\Obj\angle.o
#        E:\LPLD_OSKinetis_V3.1\project\balanceNewCar\iar\FLASH\Obj\assert.o
#        E:\LPLD_OSKinetis_V3.1\project\balanceNewCar\iar\FLASH\Obj\balance.o
#        E:\LPLD_OSKinetis_V3.1\project\balanceNewCar\iar\FLASH\Obj\DEV_MMA8451.o
#        E:\LPLD_OSKinetis_V3.1\project\balanceNewCar\iar\FLASH\Obj\direct.o
#        E:\LPLD_OSKinetis_V3.1\project\balanceNewCar\iar\FLASH\Obj\Fuzzy.o
#        E:\LPLD_OSKinetis_V3.1\project\balanceNewCar\iar\FLASH\Obj\gpio.o
#        E:\LPLD_OSKinetis_V3.1\project\balanceNewCar\iar\FLASH\Obj\HW_ADC.o
#        E:\LPLD_OSKinetis_V3.1\project\balanceNewCar\iar\FLASH\Obj\HW_DMA.o
#        E:\LPLD_OSKinetis_V3.1\project\balanceNewCar\iar\FLASH\Obj\HW_FTM.o
#        E:\LPLD_OSKinetis_V3.1\project\balanceNewCar\iar\FLASH\Obj\HW_GPIO.o
#        E:\LPLD_OSKinetis_V3.1\project\balanceNewCar\iar\FLASH\Obj\HW_I2C.o
#        E:\LPLD_OSKinetis_V3.1\project\balanceNewCar\iar\FLASH\Obj\HW_LPTMR.o
#        E:\LPLD_OSKinetis_V3.1\project\balanceNewCar\iar\FLASH\Obj\HW_MCG.o
#        E:\LPLD_OSKinetis_V3.1\project\balanceNewCar\iar\FLASH\Obj\HW_PIT.o
#        E:\LPLD_OSKinetis_V3.1\project\balanceNewCar\iar\FLASH\Obj\HW_UART.o
#        E:\LPLD_OSKinetis_V3.1\project\balanceNewCar\iar\FLASH\Obj\init.o
#        E:\LPLD_OSKinetis_V3.1\project\balanceNewCar\iar\FLASH\Obj\io.o
#        E:\LPLD_OSKinetis_V3.1\project\balanceNewCar\iar\FLASH\Obj\isr.o
#        E:\LPLD_OSKinetis_V3.1\project\balanceNewCar\iar\FLASH\Obj\key.o
#        E:\LPLD_OSKinetis_V3.1\project\balanceNewCar\iar\FLASH\Obj\oled.o
#        E:\LPLD_OSKinetis_V3.1\project\balanceNewCar\iar\FLASH\Obj\printf.o
#        E:\LPLD_OSKinetis_V3.1\project\balanceNewCar\iar\FLASH\Obj\queue.o
#        E:\LPLD_OSKinetis_V3.1\project\balanceNewCar\iar\FLASH\Obj\relocate.o
#        E:\LPLD_OSKinetis_V3.1\project\balanceNewCar\iar\FLASH\Obj\speed.o
#        E:\LPLD_OSKinetis_V3.1\project\balanceNewCar\iar\FLASH\Obj\speedcheck.o
#        E:\LPLD_OSKinetis_V3.1\project\balanceNewCar\iar\FLASH\Obj\startup_K60D10.o
#        E:\LPLD_OSKinetis_V3.1\project\balanceNewCar\iar\FLASH\Obj\stdlib.o
#        E:\LPLD_OSKinetis_V3.1\project\balanceNewCar\iar\FLASH\Obj\system_MK60.o
#        E:\LPLD_OSKinetis_V3.1\project\balanceNewCar\iar\FLASH\Obj\uif.o
#        E:\LPLD_OSKinetis_V3.1\project\balanceNewCar\iar\FLASH\Obj\VisualScope.o
#        --redirect _Printf=_PrintfFull --redirect _Scanf=_ScanfFull -o
#        E:\LPLD_OSKinetis_V3.1\project\balanceNewCar\iar\FLASH\Exe\balance_K60D10.out
#        --map
#        E:\LPLD_OSKinetis_V3.1\project\balanceNewCar\iar\FLASH\List\balance_K60D10.map
#        --config
#        E:\LPLD_OSKinetis_V3.1\project\balanceNewCar\iar\..\..\..\lib\iar_config_files\LPLD_K60DN512_FLASH.icf
#        --semihosting --entry __iar_program_start "F:\Program
#        Files\IAR_FOR_ARM\arm\CMSIS\Lib\IAR\iar_cortexM4l_math.a"
#        --merge_duplicate_sections --vfe
#
###############################################################################

*******************************************************************************
*** RUNTIME MODEL ATTRIBUTES
***

CppFlavor       = *
__SystemLibrary = DLib


*******************************************************************************
*** PLACEMENT SUMMARY
***

"A1":  place at 0x00000000 { ro section .intvec };
"A2":  place at 0x00000410 { ro section .noinit };
"P1":  place in [from 0x00000000 to 0x00080000] { ro, block CodeRelocate };
"P2":  place in [from 0x1fff0410 to 0x20010000] {
          rw, block CodeRelocateRam, block CSTACK, block HEAP };

  Section              Kind        Address    Size  Object
  -------              ----        -------    ----  ------
"A1":                                        0x400
  .intvec              ro code  0x00000000   0x400  startup_K60D10.o [1]
                              - 0x00000400   0x400

"P1", part 1 of 2:                             0x4
  .rodata              const    0x00000400     0x0  zero_init3.o [5]
  Initializer bytes    ro data  0x00000400     0x4  <for P2 s0>
                              - 0x00000404     0x4

"A2":                                         0x14
  .noinit              ro code  0x00000410    0x10  startup_K60D10.o [1]
  .noinit              ro code  0x00000420     0x4  startup_K60D10.o [1]
                              - 0x00000424    0x14

"P1", part 2 of 2:                          0x8868
  .text                ro code  0x00000424   0xe58  speed.o [1]
  .text                ro code  0x0000127c    0xe6  FltSub.o [4]
  .text                ro code  0x00001362    0x22  zero_init3.o [5]
  .text                ro code  0x00001384    0x84  FltAdd.o [4]
  .text                ro code  0x00001408    0xd8  FltMul.o [4]
  .text                ro code  0x000014e0    0x4e  FltToDbl.o [4]
  .text                ro code  0x00001530    0x30  I32ToDbl.o [4]
  .text                ro code  0x00001560   0x246  DblDiv.o [4]
  .text                ro code  0x000017a8   0x180  DblSub.o [4]
  .text                ro code  0x00001928   0x1a2  DblMul.o [4]
  .text                ro code  0x00001acc    0x90  DblToFlt.o [4]
  .text                ro code  0x00001b5c    0xe8  DblAdd.o [4]
  .text                ro code  0x00001c44    0xfc  FltDiv.o [4]
  .text                ro code  0x00001d40    0x24  FltCmpLe.o [4]
  .text                ro code  0x00001d64    0x32  I32ToFlt.o [4]
  .text                ro code  0x00001d98    0x24  FltCmpGe.o [4]
  .text                ro code  0x00001dbc   0xa7e  Fuzzy.o [1]
  .text                ro code  0x0000283c    0x44  FltToS32.o [4]
  .text                ro code  0x00002880   0x934  HW_FTM.o [1]
  .text                ro code  0x000031b4     0x6  ABImemclr4.o [5]
  .text                ro code  0x000031bc    0x14  assert.o [1]
  .text                ro code  0x000031d0    0x56  ABImemcpy_unaligned.o [5]
  .text                ro code  0x00003228    0x32  ABImemset48.o [5]
  .text                ro code  0x0000325c   0x4e4  printf.o [1]
  .text                ro code  0x00003740    0x1c  stdlib.o [1]
  .text                ro code  0x0000375c   0x758  system_MK60.o [1]
  .text                ro code  0x00003eb4    0xa0  relocate.o [1]
  Veneer               ro code  0x00003f54     0x8  - Linker created -
  .text                ro code  0x00003f5c   0x170  HW_MCG.o [1]
  .text                ro code  0x000040cc   0x718  HW_UART.o [1]
  .text                ro code  0x000047e4   0x538  direct.o [1]
  .text                ro code  0x00004d1c   0x478  HW_ADC.o [1]
  .text                ro code  0x00005194     0x6  sin.o [4]
  .text                ro code  0x0000519c    0x2e  DblCmpLe.o [4]
  .text                ro code  0x000051cc    0x2e  DblCmpGe.o [4]
  .text                ro code  0x000051fc   0x42a  xsin.o [4]
  .text                ro code  0x00005628    0x4c  DblToI32.o [4]
  .text                ro code  0x00005674     0xc  errno.o [3]
  .text                ro code  0x00005680   0x160  xquad.o [4]
  .text                ro code  0x000057e0     0x2  xtls.o [3]
  .text                ro code  0x000057e2    0x7e  xdint.o [4]
  .text                ro code  0x00005860    0x20  DblCmpEq.o [4]
  .text                ro code  0x00005880   0x1a8  fmod.o [4]
  .text                ro code  0x00005a28     0xc  iarEdom.o [5]
  .text                ro code  0x00005a34   0x514  oled.o [1]
  .text                ro code  0x00005f48   0x188  HW_GPIO.o [1]
  .text                ro code  0x000060d0   0x4b4  HW_DMA.o [1]
  .text                ro code  0x00006584   0x3c8  balance.o [1]
  .text                ro code  0x0000694c   0x1c0  gpio.o [1]
  .text                ro code  0x00006b0c   0x144  key.o [1]
  .text                ro code  0x00006c50    0x6c  HW_LPTMR.o [1]
  .text                ro code  0x00006cbc   0x1d4  init.o [1]
  .text                ro code  0x00006e90   0x166  DEV_MMA8451.o [1]
  .text                ro code  0x00006ff8   0x2ec  angle.o [1]
  .text                ro code  0x000072e4   0x2fe  speedcheck.o [1]
  .text                ro code  0x000075e4   0x174  HW_PIT.o [1]
  .text                ro code  0x00007758   0x2f4  HW_I2C.o [1]
  .text                ro code  0x00007a4c    0xf6  asin.o [4]
  .text                ro code  0x00007b44    0xf0  sqrt.o [4]
  .text                ro code  0x00007c38   0x1e0  xatan.o [4]
  .data_init                    0x00007e18   0x238  <Block>
    Initializer bytes  ro data  0x00007e18   0x238  <for .data-1>
  .rodata              const    0x00008050   0x228  oled.o [1]
  .text                ro code  0x00008278   0x1c0  isr.o [1]
  CodeRelocate                  0x00008438    0x4c  <Block>
    Initializer bytes  ro data  0x00008438    0x4c  <for CodeRelocateRam-1>
  .rodata              const    0x00008484    0x48  system_MK60.o [1]
  .rodata              const    0x000084cc    0x44  system_MK60.o [1]
  .rodata              const    0x00008510    0x44  system_MK60.o [1]
  .rodata              const    0x00008554    0x34  system_MK60.o [1]
  .rodata              const    0x00008588    0x30  assert.o [1]
  .rodata              const    0x000085b8    0x30  HW_GPIO.o [1]
  .rodata              const    0x000085e8    0x30  system_MK60.o [1]
  .rodata              const    0x00008618    0x30  system_MK60.o [1]
  .rodata              const    0x00008648    0x2c  HW_ADC.o [1]
  .rodata              const    0x00008674    0x2c  HW_DMA.o [1]
  .rodata              const    0x000086a0    0x2c  HW_FTM.o [1]
  .rodata              const    0x000086cc    0x2c  HW_I2C.o [1]
  .rodata              const    0x000086f8    0x2c  HW_PIT.o [1]
  .rodata              const    0x00008724    0x28  system_MK60.o [1]
  .text                ro code  0x0000874c    0x28  data_init.o [5]
  .rodata              const    0x00008774    0x24  system_MK60.o [1]
  .rodata              const    0x00008798    0x24  system_MK60.o [1]
  .rodata              const    0x000087bc    0x24  system_MK60.o [1]
  .iar.init_table      const    0x000087e0    0x10  - Linker created -
  .rodata              const    0x000087f0    0x20  system_MK60.o [1]
  .rodata              const    0x00008810    0x20  system_MK60.o [1]
  .rodata              const    0x00008830    0x20  system_MK60.o [1]
  .rodata              const    0x00008850    0x20  system_MK60.o [1]
  .rodata              const    0x00008870    0x20  system_MK60.o [1]
  .rodata              const    0x00008890    0x20  system_MK60.o [1]
  .rodata              const    0x000088b0    0x1c  system_MK60.o [1]
  .rodata              const    0x000088cc    0x1c  system_MK60.o [1]
  .rodata              const    0x000088e8    0x1c  system_MK60.o [1]
  .rodata              const    0x00008904    0x1c  system_MK60.o [1]
  .rodata              const    0x00008920    0x1c  system_MK60.o [1]
  .text                ro code  0x0000893c    0x1a  cmain.o [5]
  .text                ro code  0x00008956     0x4  low_level_init.o [3]
  .text                ro code  0x0000895a     0x4  exit.o [3]
  .text                ro code  0x00008960     0xa  cexit.o [5]
  .text                ro code  0x0000896c    0x14  exit.o [6]
  .rodata              const    0x00008980    0x18  system_MK60.o [1]
  .rodata              const    0x00008998    0x18  system_MK60.o [1]
  .rodata              const    0x000089b0    0x18  system_MK60.o [1]
  .rodata              const    0x000089c8    0x18  system_MK60.o [1]
  .rodata              const    0x000089e0    0x18  system_MK60.o [1]
  .rodata              const    0x000089f8    0x18  system_MK60.o [1]
  .rodata              const    0x00008a10    0x18  system_MK60.o [1]
  .rodata              const    0x00008a28    0x18  system_MK60.o [1]
  .rodata              const    0x00008a40    0x18  system_MK60.o [1]
  .rodata              const    0x00008a58    0x18  system_MK60.o [1]
  .rodata              const    0x00008a70    0x18  system_MK60.o [1]
  .rodata              const    0x00008a88    0x18  system_MK60.o [1]
  .rodata              const    0x00008aa0    0x18  system_MK60.o [1]
  .rodata              const    0x00008ab8    0x14  system_MK60.o [1]
  .rodata              const    0x00008acc    0x14  system_MK60.o [1]
  .rodata              const    0x00008ae0    0x14  system_MK60.o [1]
  .rodata              const    0x00008af4    0x14  system_MK60.o [1]
  .rodata              const    0x00008b08    0x14  system_MK60.o [1]
  .rodata              const    0x00008b1c    0x14  system_MK60.o [1]
  .rodata              const    0x00008b30    0x14  system_MK60.o [1]
  .text                ro code  0x00008b44    0x14  io.o [1]
  .rodata              const    0x00008b58    0x10  system_MK60.o [1]
  .rodata              const    0x00008b68    0x10  system_MK60.o [1]
  .rodata              const    0x00008b78    0x10  system_MK60.o [1]
  .rodata              const    0x00008b88    0x10  system_MK60.o [1]
  .rodata              const    0x00008b98    0x10  system_MK60.o [1]
  .rodata              const    0x00008ba8     0xc  balance.o [1]
  .rodata              const    0x00008bb4     0xc  system_MK60.o [1]
  .text                ro code  0x00008bc0     0xc  cstartup_M.o [5]
  .rodata              const    0x00008bcc     0x8  balance.o [1]
  .rodata              const    0x00008bd4     0x8  balance.o [1]
  .rodata              const    0x00008bdc     0x8  balance.o [1]
  .rodata              const    0x00008be4     0x8  balance.o [1]
  .rodata              const    0x00008bec     0x8  balance.o [1]
  .rodata              const    0x00008bf4     0x8  system_MK60.o [1]
  .rodata              const    0x00008bfc     0x8  system_MK60.o [1]
  .rodata              const    0x00008c04     0x8  system_MK60.o [1]
  .rodata              const    0x00008c0c     0x8  system_MK60.o [1]
  .rodata              const    0x00008c14     0x8  system_MK60.o [1]
  .rodata              const    0x00008c1c     0x8  system_MK60.o [1]
  .rodata              const    0x00008c24     0x8  system_MK60.o [1]
  .rodata              const    0x00008c2c     0x8  system_MK60.o [1]
  .rodata              const    0x00008c34     0x8  system_MK60.o [1]
  .rodata              const    0x00008c3c     0x8  system_MK60.o [1]
  .rodata              const    0x00008c44     0x8  system_MK60.o [1]
  .rodata              const    0x00008c4c     0x8  system_MK60.o [1]
  .rodata              const    0x00008c54     0x8  system_MK60.o [1]
  .rodata              const    0x00008c5c     0x8  system_MK60.o [1]
  .rodata              const    0x00008c64     0x8  system_MK60.o [1]
  .rodata              const    0x00008c6c     0x8  system_MK60.o [1]
  .rodata              const    0x00008c74     0x8  system_MK60.o [1]
  .rodata              const    0x00008c7c     0x8  system_MK60.o [1]
  .rodata              const    0x00008c84     0x8  system_MK60.o [1]
                              - 0x00008c8c  0x8868

"P2":                                       0x173c
  .data                         0x1fff0410   0x238  <Block>
    .data-1                     0x1fff0410   0x238  <Init block>
      .data            inited   0x1fff0410     0x4  balance.o [1]
      .data            inited   0x1fff0414     0x1  balance.o [1]
      .data            inited   0x1fff0415     0x1  balance.o [1]
      .data            inited   0x1fff0418     0x4  balance.o [1]
      .data            inited   0x1fff041c     0x1  balance.o [1]
      .data            inited   0x1fff0420     0x4  HW_MCG.o [1]
      .data            inited   0x1fff0424     0x4  HW_MCG.o [1]
      .data            inited   0x1fff0428     0x4  HW_MCG.o [1]
      .data            inited   0x1fff042c     0x4  HW_MCG.o [1]
      .data            inited   0x1fff0430     0x4  speed.o [1]
      .data            inited   0x1fff0434     0x4  speed.o [1]
      .data            inited   0x1fff0438     0x4  speed.o [1]
      .data            inited   0x1fff043c     0x4  speed.o [1]
      .data            inited   0x1fff0440    0x3c  speed.o [1]
      .data            inited   0x1fff047c     0x4  speed.o [1]
      .data            inited   0x1fff0480     0x4  speed.o [1]
      .data            inited   0x1fff0484     0x4  speed.o [1]
      .data            inited   0x1fff0488   0x1bc  speed.o [1]
      .data            inited   0x1fff0644     0x4  system_MK60.o [1]
  CodeRelocateRam               0x1fff0648    0x4c  <Block>
    CodeRelocateRam-1           0x1fff0648    0x4c  <Init block>
      .textrw          inited   0x1fff0648    0x4c  HW_MCG.o [1]
  .bss                          0x1fff0694   0x4af  <Block>
    .bss               zero     0x1fff0694     0x4  angle.o [1]
    .bss               zero     0x1fff0698     0x4  angle.o [1]
    .bss               zero     0x1fff069c    0x28  angle.o [1]
    .bss               zero     0x1fff06c4     0x4  angle.o [1]
    .bss               zero     0x1fff06c8     0x4  angle.o [1]
    .bss               zero     0x1fff06cc     0x4  angle.o [1]
    .bss               zero     0x1fff06d0     0x4  angle.o [1]
    .bss               zero     0x1fff06d4     0x4  angle.o [1]
    .bss               zero     0x1fff06d8     0x4  angle.o [1]
    .bss               zero     0x1fff06dc     0x4  angle.o [1]
    .bss               zero     0x1fff06e0     0x4  angle.o [1]
    .bss               zero     0x1fff06e4     0x4  angle.o [1]
    .bss               zero     0x1fff06e8     0x4  angle.o [1]
    .bss               zero     0x1fff06ec     0x4  balance.o [1]
    .bss               zero     0x1fff06f0     0xc  direct.o [1]
    .bss               zero     0x1fff06fc     0x4  direct.o [1]
    .bss               zero     0x1fff0700    0x14  direct.o [1]
    .bss               zero     0x1fff0714     0xc  direct.o [1]
    .bss               zero     0x1fff0720     0xc  direct.o [1]
    .bss               zero     0x1fff072c    0xc0  direct.o [1]
    .bss               zero     0x1fff07ec     0x4  direct.o [1]
    .bss               zero     0x1fff07f0     0x4  direct.o [1]
    .bss               zero     0x1fff07f4     0x4  direct.o [1]
    .bss               zero     0x1fff07f8     0x4  direct.o [1]
    .bss               zero     0x1fff07fc    0x14  gpio.o [1]
    .bss               zero     0x1fff0810    0x14  gpio.o [1]
    .bss               zero     0x1fff0824    0x14  gpio.o [1]
    .bss               zero     0x1fff0838    0x14  gpio.o [1]
    .bss               zero     0x1fff084c    0x14  gpio.o [1]
    .bss               zero     0x1fff0860    0x1c  gpio.o [1]
    .bss               zero     0x1fff087c     0x8  HW_ADC.o [1]
    .bss               zero     0x1fff0884    0x40  HW_DMA.o [1]
    .bss               zero     0x1fff08c4     0xc  HW_FTM.o [1]
    .bss               zero     0x1fff08d0    0x14  HW_GPIO.o [1]
    .bss               zero     0x1fff08e4     0x8  HW_I2C.o [1]
    .bss               zero     0x1fff08ec     0x4  HW_LPTMR.o [1]
    .bss               zero     0x1fff08f0    0x10  HW_PIT.o [1]
    .bss               zero     0x1fff0900    0x18  HW_UART.o [1]
    .bss               zero     0x1fff0918    0x18  HW_UART.o [1]
    .bss               zero     0x1fff0930    0x1c  init.o [1]
    .bss               zero     0x1fff094c    0x14  init.o [1]
    .bss               zero     0x1fff0960    0x14  init.o [1]
    .bss               zero     0x1fff0974    0x14  init.o [1]
    .bss               zero     0x1fff0988    0x14  init.o [1]
    .bss               zero     0x1fff099c    0x14  init.o [1]
    .bss               zero     0x1fff09b0    0x14  init.o [1]
    .bss               zero     0x1fff09c4     0x4  isr.o [1]
    .bss               zero     0x1fff09c8     0x4  isr.o [1]
    .bss               zero     0x1fff09cc     0x4  isr.o [1]
    .bss               zero     0x1fff09d0     0x4  isr.o [1]
    .bss               zero     0x1fff09d4     0x4  isr.o [1]
    .bss               zero     0x1fff09d8     0x4  isr.o [1]
    .bss               zero     0x1fff09dc     0x4  isr.o [1]
    .bss               zero     0x1fff09e0     0x4  isr.o [1]
    .bss               zero     0x1fff09e4     0x4  isr.o [1]
    .bss               zero     0x1fff09e8     0x4  isr.o [1]
    .bss               zero     0x1fff09ec    0x14  key.o [1]
    .bss               zero     0x1fff0a00    0x14  oled.o [1]
    .bss               zero     0x1fff0a14     0x4  speed.o [1]
    .bss               zero     0x1fff0a18     0x4  speed.o [1]
    .bss               zero     0x1fff0a1c     0x4  speed.o [1]
    .bss               zero     0x1fff0a20     0x4  speed.o [1]
    .bss               zero     0x1fff0a24     0x4  speed.o [1]
    .bss               zero     0x1fff0a28     0x4  speed.o [1]
    .bss               zero     0x1fff0a2c     0x4  speed.o [1]
    .bss               zero     0x1fff0a30     0x4  speed.o [1]
    .bss               zero     0x1fff0a34     0x4  speed.o [1]
    .bss               zero     0x1fff0a38     0x4  speed.o [1]
    .bss               zero     0x1fff0a3c     0x4  speed.o [1]
    .bss               zero     0x1fff0a40     0x4  speed.o [1]
    .bss               zero     0x1fff0a44     0x4  speed.o [1]
    .bss               zero     0x1fff0a48     0x4  speed.o [1]
    .bss               zero     0x1fff0a4c     0x4  speed.o [1]
    .bss               zero     0x1fff0a50     0x4  speed.o [1]
    .bss               zero     0x1fff0a54     0x4  speed.o [1]
    .bss               zero     0x1fff0a58     0x4  speed.o [1]
    .bss               zero     0x1fff0a5c     0x4  speed.o [1]
    .bss               zero     0x1fff0a60     0x4  speed.o [1]
    .bss               zero     0x1fff0a64     0x4  speed.o [1]
    .bss               zero     0x1fff0a68     0x4  speed.o [1]
    .bss               zero     0x1fff0a6c     0x4  speed.o [1]
    .bss               zero     0x1fff0a70     0x4  speed.o [1]
    .bss               zero     0x1fff0a74     0x4  speed.o [1]
    .bss               zero     0x1fff0a78     0x4  speed.o [1]
    .bss               zero     0x1fff0a7c    0x2c  speedcheck.o [1]
    .bss               zero     0x1fff0aa8    0x2c  speedcheck.o [1]
    .bss               zero     0x1fff0ad4     0x4  speedcheck.o [1]
    .bss               zero     0x1fff0ad8     0x4  speedcheck.o [1]
    .bss               zero     0x1fff0adc     0x4  speedcheck.o [1]
    .bss               zero     0x1fff0ae0     0x4  speedcheck.o [1]
    .bss               zero     0x1fff0ae4    0x28  speedcheck.o [1]
    .bss               zero     0x1fff0b0c    0x28  speedcheck.o [1]
    .bss               zero     0x1fff0b34     0x4  speedcheck.o [1]
    .bss               zero     0x1fff0b38     0x4  speedcheck.o [1]
    .bss               zero     0x1fff0b3c     0x4  speedcheck.o [1]
    .bss               zero     0x1fff0b40     0x1  isr.o [1]
    .bss               zero     0x1fff0b41     0x1  speedcheck.o [1]
    .bss               zero     0x1fff0b42     0x1  speedcheck.o [1]
  CSTACK                        0x1fff0b48  0x1000  <Block>
    CSTACK             uninit   0x1fff0b48  0x1000  <Block tail>
  P2 s0                         0x1fff1b48     0x4  <Init block>
    __DLIB_PERTHREAD   inited   0x1fff1b48     0x4  errno.o [3]
                              - 0x1fff1b4c  0x173c


*******************************************************************************
*** INIT TABLE
***

          Address     Size
          -------     ----
Zero (__iar_zero_init3)
    1 destination range, total size 0x4af:
          0x1fff0694  0x4af



*******************************************************************************
*** MODULE SUMMARY
***

    Module                 ro code  rw code  ro data  rw data
    ------                 -------  -------  -------  -------
E:\LPLD_OSKinetis_V3.1\project\balanceNewCar\iar\FLASH\Obj: [1]
    DEV_MMA8451.o              358
    Fuzzy.o                  2 686
    HW_ADC.o                 1 144                44        8
    HW_DMA.o                 1 204                44       64
    HW_FTM.o                 2 356                44       12
    HW_GPIO.o                  392                48       20
    HW_I2C.o                   756                44        8
    HW_LPTMR.o                 108                          4
    HW_MCG.o                   368       76       95       16
    HW_PIT.o                   372                44       16
    HW_UART.o                1 816                         48
    angle.o                    748                         88
    assert.o                    20                48
    balance.o                  968                65       15
    direct.o                 1 336                        268
    gpio.o                     448                        128
    init.o                     468                        148
    io.o                        20
    isr.o                      448                         41
    key.o                      324                         20
    oled.o                   1 300               552       20
    printf.o                 1 252
    relocate.o                 160
    speed.o                  3 672               532      636
    speedcheck.o               766                        198
    startup_K60D10.o         1 044
    stdlib.o                    28
    system_MK60.o            1 880             1 536        4
    ---------------------------------------------------------
    Total:                  26 442       76    3 096    1 762

command line: [2]
    ---------------------------------------------------------
    Total:

dl7M_tln.a: [3]
    errno.o                     12                 4        4
    exit.o                       4
    low_level_init.o             4
    xtls.o                       2
    ---------------------------------------------------------
    Total:                      22                 4        4

m7M_tl.a: [4]
    DblAdd.o                   232
    DblCmpEq.o                  32
    DblCmpGe.o                  46
    DblCmpLe.o                  46
    DblDiv.o                   582
    DblMul.o                   418
    DblSub.o                   384
    DblToFlt.o                 144
    DblToI32.o                  76
    FltAdd.o                   132
    FltCmpGe.o                  36
    FltCmpLe.o                  36
    FltDiv.o                   252
    FltMul.o                   216
    FltSub.o                   230
    FltToDbl.o                  78
    FltToS32.o                  68
    I32ToDbl.o                  48
    I32ToFlt.o                  50
    asin.o                     246
    fmod.o                     424
    sin.o                        6
    sqrt.o                     240
    xatan.o                    480
    xdint.o                    126
    xquad.o                    352
    xsin.o                   1 066
    ---------------------------------------------------------
    Total:                   6 046

rt7M_tl.a: [5]
    ABImemclr4.o                 6
    ABImemcpy_unaligned.o       86
    ABImemset48.o               50
    cexit.o                     10
    cmain.o                     26
    cstartup_M.o                12
    data_init.o                 40
    iarEdom.o                   12
    zero_init3.o                34
    ---------------------------------------------------------
    Total:                     276

shb_l.a: [6]
    exit.o                      20
    ---------------------------------------------------------
    Total:                      20

    Gaps                        38                          5
    Linker created               8                16    4 096
-------------------------------------------------------------
    Grand Total:            32 852       76    3 116    5 867


*******************************************************************************
*** ENTRY LIST
***

Entry                      Address   Size  Type      Object
-----                      -------   ----  ----      ------
.bss$$Base              0x1fff0694          --   Gb  - Linker created -
.bss$$Limit             0x1fff0b43          --   Gb  - Linker created -
.data$$Base             0x1fff0410          --   Gb  - Linker created -
.data$$Limit            0x1fff0648          --   Gb  - Linker created -
.data_init$$Base        0x00007e18          --   Gb  - Linker created -
.data_init$$Limit       0x00008050          --   Gb  - Linker created -
?main                   0x0000893d         Code  Gb  cmain.o [5]
AD1Basic                0x1fff07ec    0x4  Data  Gb  direct.o [1]
ADC0_IRQHandler         0x0000515b    0xa  Code  Gb  HW_ADC.o [1]
ADC1_IRQHandler         0x00005165    0xa  Code  Gb  HW_ADC.o [1]
ADC_ISR                 0x1fff087c    0x8  Data  Gb  HW_ADC.o [1]
AD_Z                    0x1fff06c4    0x4  Data  Gb  angle.o [1]
AD_result               0x1fff0714    0xc  Data  Gb  direct.o [1]
AD_temp                 0x1fff0720    0xc  Data  Gb  direct.o [1]
ASSERT_FAILED_STR       0x00008588   0x30  Data  Gb  assert.o [1]
AngleControlOut         0x1fff0a6c    0x4  Data  Gb  speed.o [1]
Angle_Zero              0x1fff047c    0x4  Data  Gb  speed.o [1]
CSTACK$$Base            0x1fff0b48          --   Gb  - Linker created -
CSTACK$$Limit           0x1fff1b48          --   Gb  - Linker created -
CodeRelocate$$Base      0x00008438          --   Gb  - Linker created -
CodeRelocate$$Limit     0x00008484          --   Gb  - Linker created -
CodeRelocateRam$$Base   0x1fff0648          --   Gb  - Linker created -
CodeRelocateRam$$Limit  0x1fff0694          --   Gb  - Linker created -
DIP_Switch              0x00006829   0xa0  Code  Gb  balance.o [1]
DIP_Switch_Value        0x1fff0410    0x4  Data  Gb  balance.o [1]
DMA0_IRQHandler         0x000063ff   0x16  Code  Gb  HW_DMA.o [1]
DMA10_IRQHandler        0x000064db   0x16  Code  Gb  HW_DMA.o [1]
DMA11_IRQHandler        0x000064f1   0x16  Code  Gb  HW_DMA.o [1]
DMA12_IRQHandler        0x00006507   0x16  Code  Gb  HW_DMA.o [1]
DMA13_IRQHandler        0x0000651d   0x16  Code  Gb  HW_DMA.o [1]
DMA14_IRQHandler        0x00006533   0x16  Code  Gb  HW_DMA.o [1]
DMA15_IRQHandler        0x00006549   0x16  Code  Gb  HW_DMA.o [1]
DMA1_IRQHandler         0x00006415   0x16  Code  Gb  HW_DMA.o [1]
DMA1_isr                0x0000751d   0x24  Code  Gb  speedcheck.o [1]
DMA2_IRQHandler         0x0000642b   0x16  Code  Gb  HW_DMA.o [1]
DMA2_isr                0x00007541   0x24  Code  Gb  speedcheck.o [1]
DMA3_IRQHandler         0x00006441   0x16  Code  Gb  HW_DMA.o [1]
DMA4_IRQHandler         0x00006457   0x16  Code  Gb  HW_DMA.o [1]
DMA5_IRQHandler         0x0000646d   0x16  Code  Gb  HW_DMA.o [1]
DMA6_IRQHandler         0x00006483   0x16  Code  Gb  HW_DMA.o [1]
DMA7_IRQHandler         0x00006499   0x16  Code  Gb  HW_DMA.o [1]
DMA8_IRQHandler         0x000064af   0x16  Code  Gb  HW_DMA.o [1]
DMA9_IRQHandler         0x000064c5   0x16  Code  Gb  HW_DMA.o [1]
DMA_ISR                 0x1fff0884   0x40  Data  Gb  HW_DMA.o [1]
DMA_Init                0x00007457   0xc4  Code  Gb  speedcheck.o [1]
DMA_Struct1             0x1fff0a7c   0x2c  Data  Gb  speedcheck.o [1]
DMA_Struct2             0x1fff0aa8   0x2c  Data  Gb  speedcheck.o [1]
D_dir_err               0x1fff0a1c    0x4  Data  Gb  speed.o [1]
D_err                   0x1fff0a78    0x4  Data  Gb  speed.o [1]
Data1                   0x1fff0b41    0x1  Data  Gb  speedcheck.o [1]
Data2                   0x1fff0b42    0x1  Data  Gb  speedcheck.o [1]
DefaultISR              0x000038d3   0x18  Code  Gb  system_MK60.o [1]
Diagnostic_Reset_Source
                        0x00003bbf  0x156  Code  Lc  system_MK60.o [1]
Dip_Switch              0x00006aa7   0x2c  Code  Gb  gpio.o [1]
DirectSpeedControlOut1  0x1fff0a38    0x4  Data  Gb  speed.o [1]
DirectSpeedControlOut2  0x1fff0a3c    0x4  Data  Gb  speed.o [1]
Direct_P                0x1fff0488  0x1bc  Data  Gb  speed.o [1]
DirectionSpeedControl   0x00000c81  0x26a  Code  Gb  speed.o [1]
DirectionSpeedOut       0x00000efd   0x1a  Code  Gb  speed.o [1]
F6x8                    0x00008050  0x228  Data  Gb  oled.o [1]
FTM0_IRQHandler         0x0000311d    0xa  Code  Gb  HW_FTM.o [1]
FTM1_IRQHandler         0x00003127    0xa  Code  Gb  HW_FTM.o [1]
FTM2_IRQHandler         0x00003131    0xa  Code  Gb  HW_FTM.o [1]
FTM_ISR                 0x1fff08c4    0xc  Data  Gb  HW_FTM.o [1]
FuzzyCtrl               0x00001dbd  0xa6c  Code  Gb  Fuzzy.o [1]
Fuzzy_Update            0x00002829   0x12  Code  Gb  Fuzzy.o [1]
GPIO_DMA_Init           0x00006dff   0x5a  Code  Gb  init.o [1]
GPIO_ISR                0x1fff08d0   0x14  Data  Gb  HW_GPIO.o [1]
GetMotorPulse           0x000072e5  0x172  Code  Gb  speedcheck.o [1]
HardFault_Handler       0x000038c7    0xc  Code  Gb  system_MK60.o [1]
I2C0_IRQHandler         0x0000794b   0x5a  Code  Gb  HW_I2C.o [1]
I2C1_IRQHandler         0x000079a5   0x5a  Code  Gb  HW_I2C.o [1]
I2C_ISR                 0x1fff08e4    0x8  Data  Gb  HW_I2C.o [1]
INPUT1_Init             0x1fff099c   0x14  Data  Gb  init.o [1]
INPUT2_Init             0x1fff09b0   0x14  Data  Gb  init.o [1]
LCD_DLY_ms              0x00005b51   0x1a  Code  Gb  oled.o [1]
LCD_Fill                0x00005c33   0x3c  Code  Gb  oled.o [1]
LCD_Init                0x00005a79   0xd8  Code  Gb  oled.o [1]
LCD_P6x8Str             0x00005cad   0x7a  Code  Gb  oled.o [1]
LCD_P6x8char            0x00005c6f   0x3e  Code  Gb  oled.o [1]
LCD_Set_Pos             0x00005c07   0x2c  Code  Gb  oled.o [1]
LCD_WrCmd               0x00005bbd   0x4a  Code  Gb  oled.o [1]
LCD_WrDat               0x00005b6d   0x4e  Code  Gb  oled.o [1]
LPLD_ADC_Cal            0x000050bb   0xa0  Code  Lc  HW_ADC.o [1]
LPLD_ADC_Chn_Enable     0x00004ee5  0x1d6  Code  Gb  HW_ADC.o [1]
LPLD_ADC_Get            0x00004ebd   0x28  Code  Gb  HW_ADC.o [1]
LPLD_ADC_Init           0x00004d1d  0x1a0  Code  Gb  HW_ADC.o [1]
LPLD_DMA_EnableIrq      0x000063e9   0x16  Code  Gb  HW_DMA.o [1]
LPLD_DMA_Init           0x000060e7  0x302  Code  Gb  HW_DMA.o [1]
LPLD_FTM_DEC_Init       0x00003115    0x8  Code  Lc  HW_FTM.o [1]
LPLD_FTM_IC_Init        0x00002b81   0x96  Code  Lc  HW_FTM.o [1]
LPLD_FTM_Init           0x00002881  0x120  Code  Gb  HW_FTM.o [1]
LPLD_FTM_PWM_ChangeDuty
                        0x00002a0b   0x50  Code  Gb  HW_FTM.o [1]
LPLD_FTM_PWM_Enable     0x000029a1   0x6a  Code  Gb  HW_FTM.o [1]
LPLD_FTM_PWM_Init       0x00002a5b  0x126  Code  Lc  HW_FTM.o [1]
LPLD_FTM_PinInit        0x00002c17  0x4a4  Code  Lc  HW_FTM.o [1]
LPLD_FTM_QD_Init        0x000030d9   0x3c  Code  Lc  HW_FTM.o [1]
LPLD_GPIO_Init          0x00005f49   0xe4  Code  Gb  HW_GPIO.o [1]
LPLD_I2C_Init           0x00007759  0x158  Code  Gb  HW_I2C.o [1]
LPLD_I2C_ReStart        0x000078c3    0xa  Code  Gb  HW_I2C.o [1]
LPLD_I2C_ReadByte       0x0000790f    0x6  Code  Gb  HW_I2C.o [1]
LPLD_I2C_SetMasterWR    0x00007915   0x1a  Code  Gb  HW_I2C.o [1]
LPLD_I2C_Start          0x000078b1   0x12  Code  Gb  HW_I2C.o [1]
LPLD_I2C_StartTrans     0x0000792f   0x1c  Code  Gb  HW_I2C.o [1]
LPLD_I2C_Stop           0x000078cd   0x12  Code  Gb  HW_I2C.o [1]
LPLD_I2C_WaitAck        0x000078df   0x2c  Code  Gb  HW_I2C.o [1]
LPLD_I2C_WriteByte      0x0000790b    0x4  Code  Gb  HW_I2C.o [1]
LPLD_LPTMR_DelayMs      0x00006c51   0x40  Code  Gb  HW_LPTMR.o [1]
LPLD_MMA8451_GetResult  0x00006fa1   0x48  Code  Gb  DEV_MMA8451.o [1]
LPLD_MMA8451_Init       0x00006e91   0x52  Code  Gb  DEV_MMA8451.o [1]
LPLD_MMA8451_ReadReg    0x00006f27   0x76  Code  Gb  DEV_MMA8451.o [1]
LPLD_MMA8451_WriteReg   0x00006ee3   0x44  Code  Gb  DEV_MMA8451.o [1]
LPLD_PIT_EnableIrq      0x000076ab   0x26  Code  Gb  HW_PIT.o [1]
LPLD_PIT_Init           0x000075f9   0xb2  Code  Gb  HW_PIT.o [1]
LPLD_PLL_Setup          0x00003f5d  0x170  Code  Gb  HW_MCG.o [1]
LPLD_Set_SYS_DIV        0x1fff0649   0x4c  Code  Gb  HW_MCG.o [1]
LPLD_UART_Init          0x000040cd  0x410  Code  Gb  HW_UART.o [1]
LPLD_UART_PutChar       0x000044dd    0xa  Code  Gb  HW_UART.o [1]
LPTMR_ISR               0x1fff08ec    0x4  Data  Gb  HW_LPTMR.o [1]
LPT_IRQHandler          0x00006c91   0x16  Code  Gb  HW_LPTMR.o [1]
L_PowerValue            0x1fff0a70    0x4  Data  Gb  speed.o [1]
Last_dir_err            0x1fff0a18    0x4  Data  Gb  speed.o [1]
MMA8451_Delay           0x00006fe9    0xe  Code  Lc  DEV_MMA8451.o [1]
Motor_Control           0x00000f49  0x186  Code  Gb  speed.o [1]
Motor_Stop              0x000010d9   0x2c  Code  Gb  speed.o [1]
My_Speed_Set            0x1fff06ec    0x4  Data  Gb  balance.o [1]
NVIC_EnableIRQ          0x000060d1   0x16  Code  Lc  HW_DMA.o [1]
NVIC_EnableIRQ          0x000075e5   0x14  Code  Lc  HW_PIT.o [1]
New_dir_err             0x1fff0a14    0x4  Data  Gb  speed.o [1]
PIT0_IRQHandler         0x000076d1   0x16  Code  Gb  HW_PIT.o [1]
PIT1_IRQHandler         0x000076e7   0x16  Code  Gb  HW_PIT.o [1]
PIT2_IRQHandler         0x000076fd   0x16  Code  Gb  HW_PIT.o [1]
PIT3_IRQHandler         0x00007713   0x16  Code  Gb  HW_PIT.o [1]
PIT_ISR                 0x1fff08f0   0x10  Data  Gb  HW_PIT.o [1]
PORTA_IRQHandler        0x0000602d   0x12  Code  Gb  HW_GPIO.o [1]
PORTB_IRQHandler        0x0000603f   0x12  Code  Gb  HW_GPIO.o [1]
PORTC_IRQHandler        0x00006051   0x12  Code  Gb  HW_GPIO.o [1]
PORTD_IRQHandler        0x00006063   0x12  Code  Gb  HW_GPIO.o [1]
PORTE_IRQHandler        0x00006075   0x12  Code  Gb  HW_GPIO.o [1]
R_PowerValue            0x1fff0a74    0x4  Data  Gb  speed.o [1]
Region$$Table$$Base     0x000087e0          --   Gb  - Linker created -
Region$$Table$$Limit    0x000087f0          --   Gb  - Linker created -
SA                      0x1fff0a40    0x4  Data  Gb  speed.o [1]
SA_his                  0x1fff0440   0x3c  Data  Gb  speed.o [1]
Show_Number             0x00005d45  0x204  Code  Gb  oled.o [1]
SpeedAlone_D1           0x1fff0438    0x4  Data  Gb  speed.o [1]
SpeedAlone_D2           0x1fff043c    0x4  Data  Gb  speed.o [1]
SpeedAlone_P1           0x1fff0430    0x4  Data  Gb  speed.o [1]
SpeedAlone_P2           0x1fff0434    0x4  Data  Gb  speed.o [1]
SpeedCatch_flag         0x1fff09e8    0x4  Data  Gb  isr.o [1]
SpeedControlOutput      0x00000a01  0x276  Code  Gb  speed.o [1]
SpeedControl_Integral   0x1fff0a54    0x4  Data  Gb  speed.o [1]
SpeedError              0x1fff0a60    0x4  Data  Gb  speed.o [1]
SpeedError1             0x1fff0a34    0x4  Data  Gb  speed.o [1]
Speed_LQ_now            0x1fff0ae4   0x28  Data  Gb  speedcheck.o [1]
Speed_New               0x1fff0a5c    0x4  Data  Gb  speed.o [1]
Speed_Old               0x1fff0a58    0x4  Data  Gb  speed.o [1]
Speed_RQ_now            0x1fff0b0c   0x28  Data  Gb  speedcheck.o [1]
Speed_Set               0x1fff0a44    0x4  Data  Gb  speed.o [1]
Speederror1             0x1fff0a64    0x4  Data  Gb  speed.o [1]
Speederror11            0x1fff0a2c    0x4  Data  Gb  speed.o [1]
Speederror12            0x1fff0a30    0x4  Data  Gb  speed.o [1]
Speederror2             0x1fff0a68    0x4  Data  Gb  speed.o [1]
SystemCoreClock         0x1fff0644    0x4  Data  Gb  system_MK60.o [1]
SystemCoreClockUpdate   0x00003899   0x2e  Code  Gb  system_MK60.o [1]
SystemInit              0x0000375d  0x13c  Code  Gb  system_MK60.o [1]
UART0_ERR_IRQHandler    0x000047d9    0x2  Code  Gb  HW_UART.o [1]
UART0_IRQHandler        0x000044e7   0x58  Code  Gb  HW_UART.o [1]
UART1_ERR_IRQHandler    0x000047db    0x2  Code  Gb  HW_UART.o [1]
UART1_IRQHandler        0x0000453f   0x58  Code  Gb  HW_UART.o [1]
UART2_ERR_IRQHandler    0x000047dd    0x2  Code  Gb  HW_UART.o [1]
UART2_IRQHandler        0x00004597   0x58  Code  Gb  HW_UART.o [1]
UART3_ERR_IRQHandler    0x000047df    0x2  Code  Gb  HW_UART.o [1]
UART3_IRQHandler        0x000045ef   0x58  Code  Gb  HW_UART.o [1]
UART4_ERR_IRQHandler    0x000047e1    0x2  Code  Gb  HW_UART.o [1]
UART4_IRQHandler        0x00004647   0x58  Code  Gb  HW_UART.o [1]
UART5_ERR_IRQHandler    0x000047e3    0x2  Code  Gb  HW_UART.o [1]
UART5_IRQHandler        0x0000469f   0x58  Code  Gb  HW_UART.o [1]
UART_R_ISR              0x1fff0900   0x18  Data  Gb  HW_UART.o [1]
UART_T_ISR              0x1fff0918   0x18  Data  Gb  HW_UART.o [1]
__BOOT_STACK_ADDRESS {Abs}
                        0x2000fff8          --   Gb  command line/config [2]
__VECTOR_RAM {Abs}      0x1fff0000          --   Gb  command line/config [2]
__VECTOR_TABLE {Abs}    0x00000000          --   Gb  command line/config [2]
__Vectors               0x00000000          --   Gb  startup_K60D10.o [1]
__Vectors_End           0x00000400         Data  Gb  startup_K60D10.o [1]
__Vectors_Size {Abs}    0x00000400          --   Gb  startup_K60D10.o [1]
__aeabi_cdcmpeq         0x00005861         Code  Gb  DblCmpEq.o [4]
__aeabi_cdcmple         0x0000519d         Code  Gb  DblCmpLe.o [4]
__aeabi_cdrcmple        0x000051cd         Code  Gb  DblCmpGe.o [4]
__aeabi_cfcmple         0x00001d41         Code  Gb  FltCmpLe.o [4]
__aeabi_cfrcmple        0x00001d99         Code  Gb  FltCmpGe.o [4]
__aeabi_d2f             0x00001acd         Code  Gb  DblToFlt.o [4]
__aeabi_d2iz            0x00005629         Code  Gb  DblToI32.o [4]
__aeabi_dadd            0x00001b5d         Code  Gb  DblAdd.o [4]
__aeabi_ddiv            0x00001561         Code  Gb  DblDiv.o [4]
__aeabi_dmul            0x00001929         Code  Gb  DblMul.o [4]
__aeabi_dsub            0x000017a9         Code  Gb  DblSub.o [4]
__aeabi_errno_addr      0x00005675    0x6  Code  Gb  errno.o [3]
__aeabi_f2d             0x000014e1         Code  Gb  FltToDbl.o [4]
__aeabi_f2iz            0x0000283d         Code  Gb  FltToS32.o [4]
__aeabi_fadd            0x00001385         Code  Gb  FltAdd.o [4]
__aeabi_fdiv            0x00001c45         Code  Gb  FltDiv.o [4]
__aeabi_fmul            0x00001409         Code  Gb  FltMul.o [4]
__aeabi_fsub            0x0000127d         Code  Gb  FltSub.o [4]
__aeabi_i2d             0x00001531         Code  Gb  I32ToDbl.o [4]
__aeabi_i2f             0x00001d65         Code  Gb  I32ToFlt.o [4]
__aeabi_memclr4         0x000031b5         Code  Gb  ABImemclr4.o [5]
__aeabi_ui2d            0x00001545         Code  Gb  I32ToDbl.o [4]
__aeabi_ui2f            0x00001d79         Code  Gb  I32ToFlt.o [4]
__as_entries_start      0xffffffff          --   Gb  command line/config [2]
__as_table_start        0xffffffff          --   Gb  command line/config [2]
__cmain                 0x0000893d         Code  Gb  cmain.o [5]
__exit                  0x0000896d   0x14  Code  Gb  exit.o [6]
__iar_Atan              0x00007c39  0x148  Code  Gb  xatan.o [4]
__iar_Dint              0x000057e3   0x7e  Code  Gb  xdint.o [4]
__iar_Errno             0x1fff1b48    0x4  Data  Gb  errno.o [3]
__iar_Memset4_word      0x00003229         Code  Gb  ABImemset48.o [5]
__iar_Memset8_word      0x00003229         Code  Gb  ABImemset48.o [5]
__iar_Quad              0x00005681  0x160  Code  Gb  xquad.o [4]
__iar_Sin               0x000051fd  0x424  Code  Gb  xsin.o [4]
__iar_d2uiz             0x00005655         Code  Gb  DblToI32.o [4]
__iar_dadd              0x00001b71         Code  Gb  DblAdd.o [4]
__iar_data_init3        0x0000874d   0x28  Code  Gb  data_init.o [5]
__iar_dlib_perthread_access
                        0x000057e1    0x2  Code  Gb  xtls.o [3]
__iar_dsub              0x000017bd         Code  Gb  DblSub.o [4]
__iar_dsubStart         0x000017cf         Code  Gb  DblSub.o [4]
__iar_edom              0x00005a29         Code  Gb  iarEdom.o [5]
__iar_fadd              0x00001395         Code  Gb  FltAdd.o [4]
__iar_fmod              0x00005881         Code  Gb  fmod.o [4]
__iar_fmodl             0x00005881         Code  Gb  fmod.o [4]
__iar_fsub              0x0000128d         Code  Gb  FltSub.o [4]
__iar_fsubStart         0x0000129d         Code  Gb  FltSub.o [4]
__iar_program_start     0x00008bc1         Code  Gb  cstartup_M.o [5]
__iar_sqrt              0x00007b45         Code  Gb  sqrt.o [4]
__iar_ui2d              0x00001549         Code  Gb  I32ToDbl.o [4]
__iar_ui2f              0x00001d7d         Code  Gb  I32ToFlt.o [4]
__iar_unaligned___aeabi_memcpy4
                        0x000031d1         Code  Gb  ABImemcpy_unaligned.o [5]
__iar_unaligned___aeabi_memcpy8
                        0x000031d1         Code  Gb  ABImemcpy_unaligned.o [5]
__iar_zero_init3        0x00001363   0x22  Code  Gb  zero_init3.o [5]
__low_level_init        0x00008957    0x4  Code  Gb  low_level_init.o [3]
__vector_table          0x00000000         Data  Gb  startup_K60D10.o [1]
__vector_table_0x1c     0x0000001c         Data  Gb  startup_K60D10.o [1]
_call_main              0x00008949         Code  Gb  cmain.o [5]
_exit                   0x00008961         Code  Gb  cexit.o [5]
_main                   0x00008953         Code  Gb  cmain.o [5]
a                       0x00007dd8   0x40  Data  Lc  xatan.o [4]
accl_angle_Y            0x1fff06cc    0x4  Data  Gb  angle.o [1]
ad_gyro_x               0x1fff06dc    0x4  Data  Gb  angle.o [1]
ad_gyro_y               0x1fff06d8    0x4  Data  Gb  angle.o [1]
ad_z                    0x1fff069c   0x28  Data  Gb  angle.o [1]
adc0_init_struct        0x1fff094c   0x14  Data  Gb  init.o [1]
adc1_init_struct        0x1fff0960   0x14  Data  Gb  init.o [1]
adc2_init_struct        0x1fff0974   0x14  Data  Gb  init.o [1]
adc_init                0x00006cbd   0xd8  Code  Gb  init.o [1]
angle                   0x1fff06e8    0x4  Data  Gb  angle.o [1]
angle_D                 0x1fff0484    0x4  Data  Gb  speed.o [1]
angle_P                 0x1fff0480    0x4  Data  Gb  speed.o [1]
angle_control           0x00000425  0x1e8  Code  Gb  speed.o [1]
asin                    0x00007a4d   0xf0  Code  Gb  asin.o [4]
assert_failed           0x000031bd   0x14  Code  Gb  assert.o [1]
cal_offset              0x000049dd  0x2da  Code  Gb  direct.o [1]
ch0_over_cnt            0x1fff0ad4    0x4  Data  Gb  speedcheck.o [1]
ch0_pulseacc            0x1fff0adc    0x4  Data  Gb  speedcheck.o [1]
ch1_over_cnt            0x1fff0ad8    0x4  Data  Gb  speedcheck.o [1]
ch1_pulseacc            0x1fff0ae0    0x4  Data  Gb  speedcheck.o [1]
channel                 0x1fff072c   0xc0  Data  Gb  direct.o [1]
common_relocate         0x00003eb5   0xa0  Code  Gb  relocate.o [1]
count                   0x1fff0698    0x4  Data  Gb  angle.o [1]
cpu_identify            0x000038f1  0x228  Code  Lc  system_MK60.o [1]
curveTime               0x1fff09d4    0x4  Data  Gb  isr.o [1]
dChange                 0x1fff0415    0x1  Data  Gb  balance.o [1]
direct_flag             0x1fff09e4    0x4  Data  Gb  isr.o [1]
direct_start            0x1fff09dc    0x4  Data  Gb  isr.o [1]
exit                    0x0000895b    0x4  Code  Gb  exit.o [3]
first_offset            0x1fff06f0    0xc  Data  Gb  direct.o [1]
flash_identify          0x00003b19   0xa6  Code  Lc  system_MK60.o [1]
fmod                    0x00005881         Code  Gb  fmod.o [4]
fmodl                   0x00005881         Code  Gb  fmod.o [4]
ftm_init_struct         0x1fff0860   0x1c  Data  Gb  gpio.o [1]
g_bus_clock             0x1fff0424    0x4  Data  Gb  HW_MCG.o [1]
g_core_clock            0x1fff0420    0x4  Data  Gb  HW_MCG.o [1]
g_flash_clock           0x1fff0428    0x4  Data  Gb  HW_MCG.o [1]
g_flexbus_clock         0x1fff042c    0x4  Data  Gb  HW_MCG.o [1]
get_0                   0x00007063   0x68  Code  Gb  angle.o [1]
get_accl                0x0000719f   0x34  Code  Gb  angle.o [1]
get_ad                  0x000048ed   0xf0  Code  Gb  direct.o [1]
get_ad_once             0x000047e5  0x108  Code  Gb  direct.o [1]
get_gyro                0x0000712f   0x70  Code  Gb  angle.o [1]
goDieFlag               0x1fff09cc    0x4  Data  Gb  isr.o [1]
gpio_init_struct0       0x1fff0a00   0x14  Data  Gb  oled.o [1]
gpio_init_struct_Dip_Switch
                        0x1fff084c   0x14  Data  Gb  gpio.o [1]
gpio_init_struct_SpeedDirect_Left
                        0x1fff0810   0x14  Data  Gb  gpio.o [1]
gpio_init_struct_SpeedDirect_Right
                        0x1fff0824   0x14  Data  Gb  gpio.o [1]
gpio_init_struct_StopCar
                        0x1fff0838   0x14  Data  Gb  gpio.o [1]
gpio_init_struct_beep   0x1fff07fc   0x14  Data  Gb  gpio.o [1]
gpio_init_struct_key    0x1fff09ec   0x14  Data  Gb  key.o [1]
gyro0_AR1               0x1fff06d0    0x4  Data  Gb  angle.o [1]
gyro0_AR2               0x1fff06d4    0x4  Data  Gb  angle.o [1]
gyro_speed_x            0x1fff06e4    0x4  Data  Gb  angle.o [1]
gyro_speed_y            0x1fff06e0    0x4  Data  Gb  angle.o [1]
his_offset              0x1fff0700   0x14  Data  Gb  direct.o [1]
init_gpio_Dip_Switch    0x00006a71   0x36  Code  Gb  gpio.o [1]
init_gpio_SpeedDirect   0x000069e5   0x5c  Code  Gb  gpio.o [1]
init_gpio_StopCar       0x00006a41   0x30  Code  Gb  gpio.o [1]
init_gpio_beep          0x000069b7   0x2e  Code  Gb  gpio.o [1]
init_gpio_key           0x00006bf9   0x36  Code  Gb  key.o [1]
init_gpio_oled          0x00005a35   0x44  Code  Gb  oled.o [1]
ji                      0x1fff0694    0x4  Data  Gb  angle.o [1]
keyScan                 0x00006b0d   0xec  Code  Gb  key.o [1]
keyState                0x1fff0418    0x4  Data  Gb  balance.o [1]
lvbo                    0x000070cb   0x64  Code  Gb  angle.o [1]
main                    0x00006585  0x11c  Code  Gb  balance.o [1]
nowADBase               0x1fff07f0    0x4  Data  Gb  direct.o [1]
offset                  0x1fff06fc    0x4  Data  Gb  direct.o [1]
offsetTemp              0x1fff07f4    0x4  Data  Gb  direct.o [1]
oled_flag               0x1fff09e0    0x4  Data  Gb  isr.o [1]
one_complementation     0x00006ff9   0x6a  Code  Gb  angle.o [1]
out_char                0x00008b45    0xe  Code  Gb  io.o [1]
pit0_init_struct        0x1fff0988   0x14  Data  Gb  init.o [1]
pit0_isr                0x00008279  0x176  Code  Gb  isr.o [1]
pit_init                0x00006dc5   0x3a  Code  Gb  init.o [1]
printf                  0x0000371d   0x1e  Code  Gb  printf.o [1]
printk                  0x00003335  0x3e8  Code  Gb  printf.o [1]
printk_mknumstr         0x00003289   0x70  Code  Lc  printf.o [1]
printk_pad_space        0x00003317   0x1e  Code  Lc  printf.o [1]
printk_pad_zero         0x000032f9   0x1e  Code  Lc  printf.o [1]
printk_putc             0x0000325d   0x2c  Code  Lc  printf.o [1]
pwm_init                0x0000694d   0x6a  Code  Gb  gpio.o [1]
ronghe_angle            0x000071d3   0x98  Code  Gb  angle.o [1]
runTime                 0x1fff09c4    0x4  Data  Gb  isr.o [1]
show_info               0x000066a1  0x188  Code  Gb  balance.o [1]
sin                     0x00005195    0x6  Code  Gb  sin.o [4]
speedChangeFlag         0x1fff041c    0x1  Data  Gb  balance.o [1]
speedPlus               0x000075b5   0x2e  Code  Gb  speedcheck.o [1]
speed_D                 0x1fff0a50    0x4  Data  Gb  speed.o [1]
speed_I                 0x1fff0a4c    0x4  Data  Gb  speed.o [1]
speed_L                 0x1fff0b34    0x4  Data  Gb  speedcheck.o [1]
speed_P                 0x1fff0a48    0x4  Data  Gb  speed.o [1]
speed_R                 0x1fff0b38    0x4  Data  Gb  speedcheck.o [1]
speed_avg               0x1fff0b3c    0x4  Data  Gb  speedcheck.o [1]
speed_control           0x0000060d  0x3f4  Code  Gb  speed.o [1]
speed_control_new1      0x1fff0a24    0x4  Data  Gb  speed.o [1]
speed_control_new2      0x1fff0a28    0x4  Data  Gb  speed.o [1]
speedout1               0x1fff0a20    0x4  Data  Gb  speed.o [1]
sqrt                    0x00007b45         Code  Gb  sqrt.o [4]
sqrtl                   0x00007b45         Code  Gb  sqrt.o [4]
start_flag              0x1fff09d8    0x4  Data  Gb  isr.o [1]
stopCarSetFlag          0x1fff0414    0x1  Data  Gb  balance.o [1]
stopFlag                0x1fff0b40    0x1  Data  Gb  isr.o [1]
stopTime                0x1fff09c8    0x4  Data  Gb  isr.o [1]
straightTime            0x1fff09d0    0x4  Data  Gb  isr.o [1]
strlen                  0x00003741   0x1c  Code  Gb  stdlib.o [1]
uart3_init_struct       0x1fff0930   0x1c  Data  Gb  init.o [1]
uart_init               0x00006d95   0x30  Code  Gb  init.o [1]
value_Z                 0x1fff06c8    0x4  Data  Gb  angle.o [1]


[1] = E:\LPLD_OSKinetis_V3.1\project\balanceNewCar\iar\FLASH\Obj
[2] = command line
[3] = dl7M_tln.a
[4] = m7M_tl.a
[5] = rt7M_tl.a
[6] = shb_l.a

  32 852 bytes of readonly  code memory
      76 bytes of readwrite code memory
   3 116 bytes of readonly  data memory
   5 867 bytes of readwrite data memory

Errors: none
Warnings: none
